// Jest Snapshot v1, https://goo.gl/fbAQLP

exports[`Text tests should match snapshot 1`] = `
<DocumentFragment>
  <span
    class="emotion-0"
  >
    Span
  </span>
  <strong
    class="emotion-0"
  >
    Bold
  </strong>
  <i
    class="emotion-0"
  >
    Italic
  </i>
  <u
    class="emotion-0"
  >
    Underline
  </u>
  <abbr
    class="emotion-0"
  >
    I18N
  </abbr>
  <cite
    class="emotion-0"
  >
    Citation
  </cite>
  <del
    class="emotion-0"
  >
    Deleted
  </del>
  <em
    class="emotion-0"
  >
    Emphasis
  </em>
  <ins
    class="emotion-0"
  >
    Inserted
  </ins>
  <kbd
    class="emotion-0"
  >
    Ctrl + C
  </kbd>
  <mark
    class="emotion-0"
  >
    Highlighted
  </mark>
  <s
    class="emotion-0"
  >
    Strikethrough
  </s>
  <samp
    class="emotion-0"
  >
    Sample
  </samp>
  <sub
    class="emotion-0"
  >
    sub
  </sub>
  <sup
    class="emotion-0"
  >
    sup
  </sup>
</DocumentFragment>
`;
