// Jest Snapshot v1, https://goo.gl/fbAQLP

exports[`Card tests should match snapshot 1`] = `
<DocumentFragment>
  .emotion-0 {
  padding: 1.5rem;
  background-color: var(--theme-ui-colors-background,#FFFFFF);
  border-color: var(--theme-ui-colors-muted-3,#D7DADF);
  border-style: solid;
  border-width: 1px;
  border-radius: 4px;
}

<div
    bc="muted.3"
    bg="background"
    class="emotion-0"
    p="13"
    sx="[object Object]"
  >
    Example card
  </div>
</DocumentFragment>
`;
