// Jest Snapshot v1, https://goo.gl/fbAQLP

exports[`Heading tests should match snapshot 1`] = `
<DocumentFragment>
  .emotion-0 {
  font-family: VTEXTrustVF,-apple-system,system-ui,BlinkMacSystemFont,sans-serif;
  line-height: 1.5;
  font-variation-settings: 'wght' 92;
  font-size: 1.25rem;
}

<h1
    class="emotion-0"
  >
    Heading 1
  </h1>
  .emotion-0 {
  font-family: VTEXTrustVF,-apple-system,system-ui,BlinkMacSystemFont,sans-serif;
  line-height: 1.5;
  font-variation-settings: 'wght' 92;
  font-size: 1.25rem;
}

<h2
    class="emotion-0"
  >
    Heading 2
  </h2>
  .emotion-0 {
  font-family: VTEXTrustVF,-apple-system,system-ui,BlinkMacSystemFont,sans-serif;
  line-height: 1.5;
  font-variation-settings: 'wght' 92;
  font-size: 1.25rem;
}

<h3
    class="emotion-0"
  >
    Heading 3
  </h3>
  .emotion-0 {
  font-family: VTEXTrustVF,-apple-system,system-ui,BlinkMacSystemFont,sans-serif;
  line-height: 1.5;
  font-variation-settings: 'wght' 92;
  font-size: 1.25rem;
}

<h4
    class="emotion-0"
  >
    Heading 4
  </h4>
  .emotion-0 {
  font-family: VTEXTrustVF,-apple-system,system-ui,BlinkMacSystemFont,sans-serif;
  line-height: 1.5;
  font-variation-settings: 'wght' 92;
  font-size: 1.25rem;
}

<h5
    class="emotion-0"
  >
    Heading 5
  </h5>
  .emotion-0 {
  font-family: VTEXTrustVF,-apple-system,system-ui,BlinkMacSystemFont,sans-serif;
  line-height: 1.5;
  font-variation-settings: 'wght' 92;
  font-size: 1.25rem;
}

<h6
    class="emotion-0"
  >
    Heading 6
  </h6>
</DocumentFragment>
`;
