// Jest Snapshot v1, https://goo.gl/fbAQLP

exports[`Card tests should match snapshot 1`] = `
<DocumentFragment>
  .emotion-0 {
  padding: 1.5rem;
  background-color: var(--theme-ui-colors-background,#FFFFFF);
  border-color: var(--theme-ui-colors-muted-3,#E0E2E7);
  border-width: 0.0625rem;
  border-style: solid;
  border-radius: 0.250rem;
}

<div
    bc="muted.3"
    bg="background"
    br="3"
    bs="solid"
    bw="1"
    class="emotion-0"
    p="6"
  >
    Example card
  </div>
</DocumentFragment>
`;
