// Jest Snapshot v1, https://goo.gl/fbAQLP

exports[`Card tests should match snapshot 1`] = `
<DocumentFragment>
  .emotion-0 {
  background-color: #FFFFFF;
  primary: #323845;
  secondary: #707685;
  border-width: 1px;
  border-style: solid;
  border-radius: 4px;
  border-color: #E0E2E7;
  padding: 1.5rem;
}

<div
    class="emotion-0"
  >
    Card text
  </div>
</DocumentFragment>
`;
