// Jest Snapshot v1, https://goo.gl/fbAQLP

exports[`Stepper tests should match snapshot 1`] = `
<DocumentFragment>
  .emotion-0 {
  font-size: 14px;
  width: 106px;
  height: 48px;
  -webkit-appearance: none;
  -moz-appearance: none;
  appearance: none;
  padding-left: 36px;
  padding-right: 36px;
  text-align: center;
  color: #323845;
  border-style: solid;
  border-width: 1px;
  border-color: #898F9E;
  border-radius: 4px;
  background-color: #FFFFFF;
}

.emotion-0::-webkit-inner-spin-button {
  -webkit-appearance: none;
  margin: 0rem;
}

.emotion-0:hover {
  border-color: #323845;
}

.emotion-0:disabled {
  background-color: #F4F6FB;
  color: #898F9E;
}

.emotion-0:focus:not([data-focus-visible-added]) {
  outline: none;
  box-shadow: none;
}

.emotion-0:focus {
  outline: none;
  box-shadow: 0rem 0rem 0rem 0.125rem #8DB6FA;
}

.emotion-7 {
  line-height: 1.25;
  font-variation-settings: 'wght' 92;
  font-size: 0.875rem;
  display: -webkit-box;
  display: -webkit-flex;
  display: -ms-flexbox;
  display: flex;
  position: relative;
  -webkit-align-items: center;
  -webkit-box-align: center;
  -ms-flex-align: center;
  align-items: center;
  height: 48px;
  width: 106px;
  padding-top: 12px;
  padding-bottom: 12px;
}

.emotion-3 {
  position: absolute;
  top: 14px;
  height: 20px;
  width: 20px;
  border-radius: 4px;
  background-color: transparent;
  color: #214491;
  left: 12px;
  line-height: 1.25;
  font-variation-settings: 'wght' 92;
  font-size: 0.875rem;
}

.emotion-3:focus:not([data-focus-visible-added]) {
  outline: none;
  box-shadow: none;
}

.emotion-3:focus {
  outline: none;
  box-shadow: 0rem 0rem 0rem 0.125rem #8DB6FA;
}

.emotion-3:disabled {
  color: #898F9E;
}

.emotion-3 > div {
  display: -webkit-box;
  display: -webkit-flex;
  display: -ms-flexbox;
  display: flex;
  height: 100%;
  width: 100%;
  margin: auto;
  -webkit-align-items: center;
  -webkit-box-align: center;
  -ms-flex-align: center;
  align-items: center;
  -webkit-box-pack: center;
  -webkit-justify-content: center;
  -ms-flex-pack: center;
  justify-content: center;
}

.emotion-2 {
  line-height: 1.25;
  font-variation-settings: 'wght' 92;
  font-size: 0.875rem;
  color: #2953B2;
}

.emotion-1 {
  min-width: 20px;
  min-height: 20px;
  width: 20px;
  height: 20px;
}

.emotion-6 {
  position: absolute;
  top: 14px;
  height: 20px;
  width: 20px;
  border-radius: 4px;
  background-color: transparent;
  color: #214491;
  right: 12px;
  line-height: 1.25;
  font-variation-settings: 'wght' 92;
  font-size: 0.875rem;
}

.emotion-6:focus:not([data-focus-visible-added]) {
  outline: none;
  box-shadow: none;
}

.emotion-6:focus {
  outline: none;
  box-shadow: 0rem 0rem 0rem 0.125rem #8DB6FA;
}

.emotion-6:disabled {
  color: #898F9E;
}

.emotion-6 > div {
  display: -webkit-box;
  display: -webkit-flex;
  display: -ms-flexbox;
  display: flex;
  height: 100%;
  width: 100%;
  margin: auto;
  -webkit-align-items: center;
  -webkit-box-align: center;
  -ms-flex-align: center;
  align-items: center;
  -webkit-box-pack: center;
  -webkit-justify-content: center;
  -ms-flex-pack: center;
  justify-content: center;
}

<div
    class="emotion-7"
  >
    <input
      aria-label="stepper number"
      class="emotion-0"
      type="number"
      value="1"
    />
    <button
      aria-label="Decrease Value"
      class="emotion-3"
    >
      <div
        class="emotion-2"
      >
        <svg
          class="emotion-1"
          fill="none"
          viewBox="0 0 20 20"
        >
          <path
            d="M16.0007 10H4.00066"
            stroke="currentColor"
            stroke-linecap="round"
            stroke-linejoin="round"
            stroke-width="1.5"
          />
        </svg>
      </div>
    </button>
    <button
      aria-label="Increase Value"
      class="emotion-6"
    >
      <div
        class="emotion-2"
      >
        <svg
          class="emotion-1"
          fill="none"
          viewBox="0 0 20 20"
        >
          <path
            d="M16 10H4"
            stroke="currentColor"
            stroke-linecap="round"
            stroke-linejoin="round"
            stroke-width="1.5"
          />
          <path
            d="M10 15.9995L10 3.99951"
            stroke="currentColor"
            stroke-linecap="round"
            stroke-linejoin="round"
            stroke-width="1.5"
          />
        </svg>
      </div>
    </button>
  </div>
</DocumentFragment>
`;
