// Jest Snapshot v1, https://goo.gl/fbAQLP

exports[`Stepper tests should match snapshot 1`] = `
<DocumentFragment>
  .emotion-1 {
  font-size: 14px;
  -webkit-appearance: none;
  -moz-appearance: none;
  appearance: none;
  text-align: center;
  width: 34px;
  height: 45px;
  color: #323845;
  background-color: #FFFFFF;
}

.emotion-1::-webkit-inner-spin-button {
  -webkit-appearance: none;
  margin: 0rem;
}

.emotion-1:focus {
  outline: none;
}

.emotion-3 {
  display: -webkit-box;
  display: -webkit-flex;
  display: -ms-flexbox;
  display: flex;
  -webkit-align-items: center;
  -webkit-box-align: center;
  -ms-flex-align: center;
  align-items: center;
  height: 48px;
  width: 106px;
  padding-left: 12px;
  padding-right: 12px;
  padding-top: 14px;
  padding-bottom: 14px;
  border-style: solid;
  border-width: 1px;
  border-color: #898F9E;
  border-radius: 4px;
  background-color: #FFFFFF;
  line-height: 1.25;
  font-variation-settings: 'wght' 92;
  font-size: 0.875rem;
}

.emotion-3:hover {
  border-color: #323845;
}

.emotion-3:active {
  border-color: #898F9E;
  box-shadow: 0 0 0 1px white,0 0 0 3px #8DB6FA;
  outline: none;
}

.emotion-0 {
  min-width: 24px;
  min-height: 24px;
  width: 24px;
  height: 24px;
}

<div
    class="emotion-3"
  >
    <svg
      class="emotion-0"
      fill="none"
      style="color: rgb(41, 83, 178); padding-right: 4px;"
      viewBox="0 0 24 24"
    >
      <path
        d="M16.0007 10H4.00066"
        stroke="currentColor"
        stroke-linecap="round"
        stroke-linejoin="round"
        stroke-width="1.5"
      />
    </svg>
    <input
      aria-label="input"
      class="emotion-1"
      min="0"
      type="number"
      value="1"
    />
    <svg
      class="emotion-0"
      fill="none"
      style="color: rgb(41, 83, 178); padding-left: 4px;"
      viewBox="0 0 24 24"
    >
      <path
        d="M16 10H4"
        stroke="currentColor"
        stroke-linecap="round"
        stroke-linejoin="round"
        stroke-width="1.5"
      />
      <path
        d="M10 15.9995L10 3.99951"
        stroke="currentColor"
        stroke-linecap="round"
        stroke-linejoin="round"
        stroke-width="1.5"
      />
    </svg>
  </div>
</DocumentFragment>
`;
