// Jest Snapshot v1, https://goo.gl/fbAQLP

exports[`RadioGroup tests should match snapshot with diferent orientations 1`] = `
<DocumentFragment>
  .emotion-0 {
  -webkit-appearance: none;
  -moz-appearance: none;
  appearance: none;
  margin: 0rem;
  position: relative;
  cursor: pointer;
  border-style: solid;
  border-width: 1px;
  border-color: #C4C5CA;
  background-color: transparent;
  border-radius: 100%;
  height: 20px;
  width: 20px;
  padding: 5px;
}

.emotion-0:after {
  content: "";
  display: block;
  border-radius: 100%;
  background-color: white;
  opacity: 0;
  width: 8px;
  height: 8px;
}

.emotion-0:checked {
  background-color: #2953B2;
  border-color: #2953B2;
}

.emotion-0:checked:after {
  opacity: 1;
}

.emotion-0:checked:hover {
  background-color: #214491;
  border-color: #214491;
}

.emotion-0:checked:active {
  border-color: #1a3470;
  background-color: #1a3470;
}

.emotion-0:disabled {
  cursor: not-allowed;
  background-color: #E0E2E7;
  border-color: #898F9E;
}

.emotion-0:disabled:after {
  background-color: #898F9E;
}

.emotion-0:hover {
  border-color: #323845;
}

.emotion-0:active {
  border-color: #707685;
}

.emotion-0:active backgroundColor {
  base: #DAE3F5;
  hover: #cad7f1;
  pressed: #bacbec;
  accent: #2953B2;
}

.emotion-0:focus:not([data-focus-visible-added]) {
  outline: none;
  box-shadow: none;
}

.emotion-0:focus {
  outline: none;
  box-shadow: 0rem 0rem 0rem 0.125rem #8DB6FA;
}

.emotion-3 {
  font-variation-settings: 'wght' 92;
  lh: highlight;
  margin-top: 0.75rem;
  margin-bottom: 1.5rem;
  display: -webkit-box;
  display: -webkit-flex;
  display: -ms-flexbox;
  display: flex;
  -webkit-align-items: flex-start;
  -webkit-box-align: flex-start;
  -ms-flex-align: flex-start;
  align-items: flex-start;
  font-size: 1rem;
  -webkit-flex-direction: row;
  -ms-flex-direction: row;
  flex-direction: row;
}

.emotion-3 > label > input {
  margin-right: 0.5rem;
  margin-left: 0rem;
}

.emotion-3 > label {
  cursor: pointer;
  color: #323845;
  display: -webkit-box;
  display: -webkit-flex;
  display: -ms-flexbox;
  display: flex;
  -webkit-align-items: center;
  -webkit-box-align: center;
  -ms-flex-align: center;
  align-items: center;
}

.emotion-3 label:not(:last-child) {
  margin-right: 1.5rem;
}

<div
    aria-label="fruits-group"
    class="emotion-3"
    data-testid="radio-group"
    id="radio-group-id"
    role="radiogroup"
  >
    <input
      aria-checked="false"
      class="emotion-0"
      id="id-1"
      name="id"
      tabindex="0"
      type="radio"
      value="Apple"
    />
    <input
      aria-checked="false"
      class="emotion-0"
      id="id-1"
      name="id"
      tabindex="0"
      type="radio"
      value="Watermelon"
    />
    <input
      aria-checked="false"
      class="emotion-0"
      id="id-1"
      name="id"
      tabindex="0"
      type="radio"
      value="Orange"
    />
  </div>
  .emotion-0 {
  -webkit-appearance: none;
  -moz-appearance: none;
  appearance: none;
  margin: 0rem;
  position: relative;
  cursor: pointer;
  border-style: solid;
  border-width: 1px;
  border-color: #C4C5CA;
  background-color: transparent;
  border-radius: 100%;
  height: 20px;
  width: 20px;
  padding: 5px;
}

.emotion-0:after {
  content: "";
  display: block;
  border-radius: 100%;
  background-color: white;
  opacity: 0;
  width: 8px;
  height: 8px;
}

.emotion-0:checked {
  background-color: #2953B2;
  border-color: #2953B2;
}

.emotion-0:checked:after {
  opacity: 1;
}

.emotion-0:checked:hover {
  background-color: #214491;
  border-color: #214491;
}

.emotion-0:checked:active {
  border-color: #1a3470;
  background-color: #1a3470;
}

.emotion-0:disabled {
  cursor: not-allowed;
  background-color: #E0E2E7;
  border-color: #898F9E;
}

.emotion-0:disabled:after {
  background-color: #898F9E;
}

.emotion-0:hover {
  border-color: #323845;
}

.emotion-0:active {
  border-color: #707685;
}

.emotion-0:active backgroundColor {
  base: #DAE3F5;
  hover: #cad7f1;
  pressed: #bacbec;
  accent: #2953B2;
}

.emotion-0:focus:not([data-focus-visible-added]) {
  outline: none;
  box-shadow: none;
}

.emotion-0:focus {
  outline: none;
  box-shadow: 0rem 0rem 0rem 0.125rem #8DB6FA;
}

.emotion-3 {
  font-variation-settings: 'wght' 92;
  lh: highlight;
  margin-top: 0.75rem;
  margin-bottom: 1.5rem;
  display: -webkit-box;
  display: -webkit-flex;
  display: -ms-flexbox;
  display: flex;
  -webkit-align-items: flex-start;
  -webkit-box-align: flex-start;
  -ms-flex-align: flex-start;
  align-items: flex-start;
  font-size: 1rem;
  -webkit-flex-direction: column;
  -ms-flex-direction: column;
  flex-direction: column;
}

.emotion-3 > label > input {
  margin-right: 0.5rem;
  margin-left: 0rem;
}

.emotion-3 > label {
  cursor: pointer;
  color: #323845;
  display: -webkit-box;
  display: -webkit-flex;
  display: -ms-flexbox;
  display: flex;
  -webkit-align-items: center;
  -webkit-box-align: center;
  -ms-flex-align: center;
  align-items: center;
}

.emotion-3 label:not(:last-child) {
  margin-bottom: 1rem;
}

<div
    aria-label="fruits-group"
    class="emotion-3"
    data-testid="radio-group"
    id="radio-group-id"
    role="radiogroup"
  >
    <input
      aria-checked="false"
      class="emotion-0"
      id="id-1"
      name="id"
      tabindex="0"
      type="radio"
      value="Apple"
    />
    <input
      aria-checked="false"
      class="emotion-0"
      id="id-1"
      name="id"
      tabindex="0"
      type="radio"
      value="Watermelon"
    />
    <input
      aria-checked="false"
      class="emotion-0"
      id="id-1"
      name="id"
      tabindex="0"
      type="radio"
      value="Orange"
    />
  </div>
</DocumentFragment>
`;
