// Jest Snapshot v1, https://goo.gl/fbAQLP

exports[`Input tests should match snapshot 1`] = `
<DocumentFragment>
  .emotion-3 {
  display: -webkit-box;
  display: -webkit-flex;
  display: -ms-flexbox;
  display: flex;
  position: relative;
  -webkit-box-pack: start;
  -ms-flex-pack: start;
  -webkit-justify-content: flex-start;
  justify-content: flex-start;
  -webkit-flex-direction: column;
  -ms-flex-direction: column;
  flex-direction: column;
}

.emotion-2 {
  position: relative;
}

.emotion-1 {
  font-family: VTEXTrustVF,-apple-system,system-ui,BlinkMacSystemFont,sans-serif;
  line-height: 1.25;
  font-variation-settings: 'wght' 92;
  font-size: 0.875rem;
  left: 12px;
  padding-top: 0.5rem;
  color: #898F9E;
  margin-bottom: 0.75rem;
  position: absolute;
  -webkit-transform: translate(0, 16px) scale(1);
  -moz-transform: translate(0, 16px) scale(1);
  -ms-transform: translate(0, 16px) scale(1);
  transform: translate(0, 16px) scale(1);
  transform-origin: top left;
  -webkit-transition: all 0.2s ease-out;
  transition: all 0.2s ease-out;
}

.emotion-0 {
  font-variation-settings: 'wght' 92;
  width: 100%;
  height: 48px;
  border-style: solid;
  border-width: 1px;
  padding-left: 0.75rem;
  padding-right: 1rem;
  border-color: #C4C5CA;
  border-radius: 4px;
  background-color: inherit;
  margin-top: 0.25rem;
  margin-bottom: 0.25rem;
  font-size: 0.875rem;
  color: #323845;
  outline: 0;
  -webkit-transition: all 70ms cubic-bezier(0.2, 0.2, 0.38, 0.9);
  transition: all 70ms cubic-bezier(0.2, 0.2, 0.38, 0.9);
  padding-top: 1rem;
}

.emotion-0:hover {
  border-color: #323845;
}

.emotion-0:focus {
  border-color: #2953B2;
  box-shadow: 0 0 0 1px #2953B2;
}

.emotion-0:disabled {
  background-color: #F4F6FB;
  border-color: #898F9E;
  color: #898F9E;
}

.emotion-0:focus+label {
  -webkit-transform: translate(1px, 4px) scale(0.875);
  -moz-transform: translate(1px, 4px) scale(0.875);
  -ms-transform: translate(1px, 4px) scale(0.875);
  transform: translate(1px, 4px) scale(0.875);
}

.emotion-0:placeholder-shown:not(:focus)+label {
  padding-top: 0.25rem;
}

.emotion-0:not(:placeholder-shown)+label {
  -webkit-transform: translate(1px, 4px) scale(0.875);
  -moz-transform: translate(1px, 4px) scale(0.875);
  -ms-transform: translate(1px, 4px) scale(0.875);
  transform: translate(1px, 4px) scale(0.875);
}

<div
    class="emotion-3"
  >
    <div
      class="emotion-2"
    >
      <input
        class="emotion-0"
        id="text-field-1"
        placeholder=" "
        value=""
      />
      <label
        class="emotion-1"
        for="text-field-1"
      >
        Label
      </label>
    </div>
  </div>
  .emotion-5 {
  display: -webkit-box;
  display: -webkit-flex;
  display: -ms-flexbox;
  display: flex;
  position: relative;
  -webkit-box-pack: start;
  -ms-flex-pack: start;
  -webkit-justify-content: flex-start;
  justify-content: flex-start;
  -webkit-flex-direction: column;
  -ms-flex-direction: column;
  flex-direction: column;
}

.emotion-2 {
  position: relative;
}

.emotion-1 {
  font-family: VTEXTrustVF,-apple-system,system-ui,BlinkMacSystemFont,sans-serif;
  line-height: 1.25;
  font-variation-settings: 'wght' 92;
  font-size: 0.875rem;
  left: 12px;
  padding-top: 0.5rem;
  color: #898F9E;
  margin-bottom: 0.75rem;
  position: absolute;
  -webkit-transform: translate(0, 16px) scale(1);
  -moz-transform: translate(0, 16px) scale(1);
  -ms-transform: translate(0, 16px) scale(1);
  transform: translate(0, 16px) scale(1);
  transform-origin: top left;
  -webkit-transition: all 0.2s ease-out;
  transition: all 0.2s ease-out;
}

.emotion-4 {
  display: -webkit-box;
  display: -webkit-flex;
  display: -ms-flexbox;
  display: flex;
  -webkit-box-pack: justify;
  -webkit-justify-content: space-between;
  justify-content: space-between;
  -webkit-align-items: ;
  -webkit-box-align: ;
  -ms-flex-align: ;
  align-items: ;
  padding-top: 0.25rem;
}

.emotion-3 {
  color: #707685;
  font-family: VTEXTrustVF,-apple-system,system-ui,BlinkMacSystemFont,sans-serif;
  line-height: 1.125;
  font-variation-settings: 'wght' 92;
  font-size: 0.75rem;
}

.emotion-0 {
  font-variation-settings: 'wght' 92;
  width: 100%;
  height: 48px;
  border-style: solid;
  border-width: 1px;
  padding-left: 0.75rem;
  padding-right: 1rem;
  border-color: #C4C5CA;
  border-radius: 4px;
  background-color: inherit;
  margin-top: 0.25rem;
  margin-bottom: 0.25rem;
  font-size: 0.875rem;
  color: #323845;
  outline: 0;
  -webkit-transition: all 70ms cubic-bezier(0.2, 0.2, 0.38, 0.9);
  transition: all 70ms cubic-bezier(0.2, 0.2, 0.38, 0.9);
  padding-top: 1rem;
}

.emotion-0:hover {
  border-color: #323845;
}

.emotion-0:focus {
  border-color: #2953B2;
  box-shadow: 0 0 0 1px #2953B2;
}

.emotion-0:disabled {
  background-color: #F4F6FB;
  border-color: #898F9E;
  color: #898F9E;
}

.emotion-0:focus+label {
  -webkit-transform: translate(1px, 4px) scale(0.875);
  -moz-transform: translate(1px, 4px) scale(0.875);
  -ms-transform: translate(1px, 4px) scale(0.875);
  transform: translate(1px, 4px) scale(0.875);
}

.emotion-0:placeholder-shown:not(:focus)+label {
  padding-top: 0.25rem;
}

.emotion-0:not(:placeholder-shown)+label {
  -webkit-transform: translate(1px, 4px) scale(0.875);
  -moz-transform: translate(1px, 4px) scale(0.875);
  -ms-transform: translate(1px, 4px) scale(0.875);
  transform: translate(1px, 4px) scale(0.875);
}

<div
    class="emotion-5"
  >
    <div
      class="emotion-2"
    >
      <input
        class="emotion-0"
        id="text-field-2"
        placeholder=" "
        value=""
      />
      <label
        class="emotion-1"
        for="text-field-2"
      >
        Label
      </label>
    </div>
    <div
      class="emotion-4"
    >
      <span
        class="emotion-3"
      >
        Helper Text
      </span>
    </div>
  </div>
  .emotion-5 {
  display: -webkit-box;
  display: -webkit-flex;
  display: -ms-flexbox;
  display: flex;
  position: relative;
  -webkit-box-pack: start;
  -ms-flex-pack: start;
  -webkit-justify-content: flex-start;
  justify-content: flex-start;
  -webkit-flex-direction: column;
  -ms-flex-direction: column;
  flex-direction: column;
}

.emotion-2 {
  position: relative;
}

.emotion-1 {
  font-family: VTEXTrustVF,-apple-system,system-ui,BlinkMacSystemFont,sans-serif;
  line-height: 1.25;
  font-variation-settings: 'wght' 92;
  font-size: 0.875rem;
  left: 12px;
  padding-top: 0.5rem;
  color: #898F9E;
  margin-bottom: 0.75rem;
  position: absolute;
  -webkit-transform: translate(0, 16px) scale(1);
  -moz-transform: translate(0, 16px) scale(1);
  -ms-transform: translate(0, 16px) scale(1);
  transform: translate(0, 16px) scale(1);
  transform-origin: top left;
  -webkit-transition: all 0.2s ease-out;
  transition: all 0.2s ease-out;
}

.emotion-4 {
  display: -webkit-box;
  display: -webkit-flex;
  display: -ms-flexbox;
  display: flex;
  -webkit-box-pack: justify;
  -webkit-justify-content: space-between;
  justify-content: space-between;
  -webkit-align-items: ;
  -webkit-box-align: ;
  -ms-flex-align: ;
  align-items: ;
  padding-top: 0.25rem;
}

.emotion-3 {
  color: #707685;
  font-family: VTEXTrustVF,-apple-system,system-ui,BlinkMacSystemFont,sans-serif;
  line-height: 1.125;
  font-variation-settings: 'wght' 92;
  font-size: 0.75rem;
}

.emotion-0 {
  font-variation-settings: 'wght' 92;
  width: 100%;
  height: 48px;
  border-style: solid;
  border-width: 1px;
  padding-left: 0.75rem;
  padding-right: 1rem;
  border-color: #C4C5CA;
  border-radius: 4px;
  background-color: inherit;
  margin-top: 0.25rem;
  margin-bottom: 0.25rem;
  font-size: 0.875rem;
  color: #323845;
  outline: 0;
  -webkit-transition: all 70ms cubic-bezier(0.2, 0.2, 0.38, 0.9);
  transition: all 70ms cubic-bezier(0.2, 0.2, 0.38, 0.9);
  padding-top: 1rem;
}

.emotion-0:hover {
  border-color: #323845;
}

.emotion-0:focus {
  border-color: #2953B2;
  box-shadow: 0 0 0 1px #2953B2;
}

.emotion-0:disabled {
  background-color: #F4F6FB;
  border-color: #898F9E;
  color: #898F9E;
}

.emotion-0:focus+label {
  -webkit-transform: translate(1px, 4px) scale(0.875);
  -moz-transform: translate(1px, 4px) scale(0.875);
  -ms-transform: translate(1px, 4px) scale(0.875);
  transform: translate(1px, 4px) scale(0.875);
}

.emotion-0:placeholder-shown:not(:focus)+label {
  padding-top: 0.25rem;
}

.emotion-0:not(:placeholder-shown)+label {
  -webkit-transform: translate(1px, 4px) scale(0.875);
  -moz-transform: translate(1px, 4px) scale(0.875);
  -ms-transform: translate(1px, 4px) scale(0.875);
  transform: translate(1px, 4px) scale(0.875);
}

<div
    class="emotion-5"
  >
    <div
      class="emotion-2"
    >
      <input
        class="emotion-0"
        id="text-field-3"
        maxlength="120"
        placeholder=" "
        value=""
      />
      <label
        class="emotion-1"
        for="text-field-3"
      >
        Label
      </label>
    </div>
    <div
      class="emotion-4"
    >
      <div />
      <span
        class="emotion-3"
      >
        0/120
      </span>
    </div>
  </div>
  .emotion-6 {
  display: -webkit-box;
  display: -webkit-flex;
  display: -ms-flexbox;
  display: flex;
  position: relative;
  -webkit-box-pack: start;
  -ms-flex-pack: start;
  -webkit-justify-content: flex-start;
  justify-content: flex-start;
  -webkit-flex-direction: column;
  -ms-flex-direction: column;
  flex-direction: column;
}

.emotion-2 {
  position: relative;
}

.emotion-1 {
  font-family: VTEXTrustVF,-apple-system,system-ui,BlinkMacSystemFont,sans-serif;
  line-height: 1.25;
  font-variation-settings: 'wght' 92;
  font-size: 0.875rem;
  left: 12px;
  padding-top: 0.5rem;
  color: #898F9E;
  margin-bottom: 0.75rem;
  position: absolute;
  -webkit-transform: translate(0, 16px) scale(1);
  -moz-transform: translate(0, 16px) scale(1);
  -ms-transform: translate(0, 16px) scale(1);
  transform: translate(0, 16px) scale(1);
  transform-origin: top left;
  -webkit-transition: all 0.2s ease-out;
  transition: all 0.2s ease-out;
}

.emotion-5 {
  display: -webkit-box;
  display: -webkit-flex;
  display: -ms-flexbox;
  display: flex;
  -webkit-box-pack: justify;
  -webkit-justify-content: space-between;
  justify-content: space-between;
  -webkit-align-items: ;
  -webkit-box-align: ;
  -ms-flex-align: ;
  align-items: ;
  padding-top: 0.25rem;
}

.emotion-3 {
  color: #707685;
  font-family: VTEXTrustVF,-apple-system,system-ui,BlinkMacSystemFont,sans-serif;
  line-height: 1.125;
  font-variation-settings: 'wght' 92;
  font-size: 0.75rem;
}

.emotion-0 {
  font-variation-settings: 'wght' 92;
  width: 100%;
  height: 48px;
  border-style: solid;
  border-width: 1px;
  padding-left: 0.75rem;
  padding-right: 1rem;
  border-color: #C4C5CA;
  border-radius: 4px;
  background-color: inherit;
  margin-top: 0.25rem;
  margin-bottom: 0.25rem;
  font-size: 0.875rem;
  color: #323845;
  outline: 0;
  -webkit-transition: all 70ms cubic-bezier(0.2, 0.2, 0.38, 0.9);
  transition: all 70ms cubic-bezier(0.2, 0.2, 0.38, 0.9);
  padding-top: 1rem;
}

.emotion-0:hover {
  border-color: #323845;
}

.emotion-0:focus {
  border-color: #2953B2;
  box-shadow: 0 0 0 1px #2953B2;
}

.emotion-0:disabled {
  background-color: #F4F6FB;
  border-color: #898F9E;
  color: #898F9E;
}

.emotion-0:focus+label {
  -webkit-transform: translate(1px, 4px) scale(0.875);
  -moz-transform: translate(1px, 4px) scale(0.875);
  -ms-transform: translate(1px, 4px) scale(0.875);
  transform: translate(1px, 4px) scale(0.875);
}

.emotion-0:placeholder-shown:not(:focus)+label {
  padding-top: 0.25rem;
}

.emotion-0:not(:placeholder-shown)+label {
  -webkit-transform: translate(1px, 4px) scale(0.875);
  -moz-transform: translate(1px, 4px) scale(0.875);
  -ms-transform: translate(1px, 4px) scale(0.875);
  transform: translate(1px, 4px) scale(0.875);
}

<div
    class="emotion-6"
  >
    <div
      class="emotion-2"
    >
      <input
        class="emotion-0"
        id="text-field-4"
        maxlength="120"
        placeholder=" "
        value=""
      />
      <label
        class="emotion-1"
        for="text-field-4"
      >
        Label
      </label>
    </div>
    <div
      class="emotion-5"
    >
      <span
        class="emotion-3"
      >
        Helper Text
      </span>
      <span
        class="emotion-3"
      >
        0/120
      </span>
    </div>
  </div>
  .emotion-6 {
  display: -webkit-box;
  display: -webkit-flex;
  display: -ms-flexbox;
  display: flex;
  position: relative;
  -webkit-box-pack: start;
  -ms-flex-pack: start;
  -webkit-justify-content: flex-start;
  justify-content: flex-start;
  -webkit-flex-direction: column;
  -ms-flex-direction: column;
  flex-direction: column;
}

.emotion-2 {
  position: relative;
}

.emotion-1 {
  font-family: VTEXTrustVF,-apple-system,system-ui,BlinkMacSystemFont,sans-serif;
  line-height: 1.25;
  font-variation-settings: 'wght' 92;
  font-size: 0.875rem;
  left: 12px;
  padding-top: 0.5rem;
  color: #898F9E;
  margin-bottom: 0.75rem;
  position: absolute;
  -webkit-transform: translate(0, 16px) scale(1);
  -moz-transform: translate(0, 16px) scale(1);
  -ms-transform: translate(0, 16px) scale(1);
  transform: translate(0, 16px) scale(1);
  transform-origin: top left;
  -webkit-transition: all 0.2s ease-out;
  transition: all 0.2s ease-out;
}

.emotion-5 {
  display: -webkit-box;
  display: -webkit-flex;
  display: -ms-flexbox;
  display: flex;
  -webkit-box-pack: justify;
  -webkit-justify-content: space-between;
  justify-content: space-between;
  -webkit-align-items: ;
  -webkit-box-align: ;
  -ms-flex-align: ;
  align-items: ;
  padding-top: 0.25rem;
}

.emotion-3 {
  color: #707685;
  font-family: VTEXTrustVF,-apple-system,system-ui,BlinkMacSystemFont,sans-serif;
  line-height: 1.125;
  font-variation-settings: 'wght' 92;
  font-size: 0.75rem;
}

.emotion-0 {
  font-variation-settings: 'wght' 92;
  width: 100%;
  height: 48px;
  border-style: solid;
  border-width: 1px;
  padding-left: 0.75rem;
  padding-right: 1rem;
  border-color: #C4C5CA;
  border-radius: 4px;
  background-color: inherit;
  margin-top: 0.25rem;
  margin-bottom: 0.25rem;
  font-size: 0.875rem;
  color: #323845;
  outline: 0;
  -webkit-transition: all 70ms cubic-bezier(0.2, 0.2, 0.38, 0.9);
  transition: all 70ms cubic-bezier(0.2, 0.2, 0.38, 0.9);
  padding-top: 1rem;
}

.emotion-0:hover {
  border-color: #323845;
}

.emotion-0:focus {
  border-color: #2953B2;
  box-shadow: 0 0 0 1px #2953B2;
}

.emotion-0:disabled {
  background-color: #F4F6FB;
  border-color: #898F9E;
  color: #898F9E;
}

.emotion-0:focus+label {
  -webkit-transform: translate(1px, 4px) scale(0.875);
  -moz-transform: translate(1px, 4px) scale(0.875);
  -ms-transform: translate(1px, 4px) scale(0.875);
  transform: translate(1px, 4px) scale(0.875);
}

.emotion-0:placeholder-shown:not(:focus)+label {
  padding-top: 0.25rem;
}

.emotion-0:not(:placeholder-shown)+label {
  -webkit-transform: translate(1px, 4px) scale(0.875);
  -moz-transform: translate(1px, 4px) scale(0.875);
  -ms-transform: translate(1px, 4px) scale(0.875);
  transform: translate(1px, 4px) scale(0.875);
}

<div
    class="emotion-6"
  >
    <div
      class="emotion-2"
    >
      <input
        class="emotion-0"
        id="text-field-5"
        maxlength="120"
        placeholder=" "
        value=""
      />
      <label
        class="emotion-1"
        for="text-field-5"
      >
        Label
      </label>
    </div>
    <div
      class="emotion-5"
    >
      <span
        class="emotion-3"
      >
        Helper Text
      </span>
      <span
        class="emotion-3"
      >
        0/120
      </span>
    </div>
  </div>
  .emotion-9 {
  display: -webkit-box;
  display: -webkit-flex;
  display: -ms-flexbox;
  display: flex;
  position: relative;
  -webkit-box-pack: start;
  -ms-flex-pack: start;
  -webkit-justify-content: flex-start;
  justify-content: flex-start;
  -webkit-flex-direction: column;
  -ms-flex-direction: column;
  flex-direction: column;
}

.emotion-2 {
  font-family: VTEXTrustVF,-apple-system,system-ui,BlinkMacSystemFont,sans-serif;
  line-height: 1.25;
  font-variation-settings: 'wght' 92;
  font-size: 0.875rem;
  left: 12px;
  padding-top: 0.5rem;
  color: #898F9E;
  margin-bottom: 0.75rem;
  position: absolute;
  -webkit-transform: translate(0, 16px) scale(1);
  -moz-transform: translate(0, 16px) scale(1);
  -ms-transform: translate(0, 16px) scale(1);
  transform: translate(0, 16px) scale(1);
  transform-origin: top left;
  -webkit-transition: all 0.2s ease-out;
  transition: all 0.2s ease-out;
}

.emotion-8 {
  display: -webkit-box;
  display: -webkit-flex;
  display: -ms-flexbox;
  display: flex;
  -webkit-box-pack: justify;
  -webkit-justify-content: space-between;
  justify-content: space-between;
  -webkit-align-items: ;
  -webkit-box-align: ;
  -ms-flex-align: ;
  align-items: ;
  padding-top: 0.25rem;
}

.emotion-6 {
  color: #707685;
  font-family: VTEXTrustVF,-apple-system,system-ui,BlinkMacSystemFont,sans-serif;
  line-height: 1.125;
  font-variation-settings: 'wght' 92;
  font-size: 0.75rem;
}

.emotion-1 {
  font-variation-settings: 'wght' 92;
  width: 100%;
  height: 48px;
  border-style: solid;
  border-width: 1px;
  padding-left: 44px;
  padding-right: 75px;
  border-color: #C4C5CA;
  border-radius: 4px;
  background-color: inherit;
  margin-top: 0.25rem;
  margin-bottom: 0.25rem;
  font-size: 0.875rem;
  color: #323845;
  outline: 0;
  -webkit-transition: all 70ms cubic-bezier(0.2, 0.2, 0.38, 0.9);
  transition: all 70ms cubic-bezier(0.2, 0.2, 0.38, 0.9);
  padding-top: 1rem;
}

.emotion-1:hover {
  border-color: #323845;
}

.emotion-1:focus {
  border-color: #2953B2;
  box-shadow: 0 0 0 1px #2953B2;
}

.emotion-1:disabled {
  background-color: #F4F6FB;
  border-color: #898F9E;
  color: #898F9E;
}

.emotion-1:focus+label {
  -webkit-transform: translate(1px, 4px) scale(0.875);
  -moz-transform: translate(1px, 4px) scale(0.875);
  -ms-transform: translate(1px, 4px) scale(0.875);
  transform: translate(1px, 4px) scale(0.875);
}

.emotion-1:placeholder-shown:not(:focus)+label {
  padding-top: 0.25rem;
}

.emotion-1:not(:placeholder-shown)+label {
  -webkit-transform: translate(1px, 4px) scale(0.875);
  -moz-transform: translate(1px, 4px) scale(0.875);
  -ms-transform: translate(1px, 4px) scale(0.875);
  transform: translate(1px, 4px) scale(0.875);
}

.emotion-5 {
  position: relative;
}

.emotion-5 label {
  left: 44px;
}

.emotion-0 {
  min-width: 20px;
  min-height: 20px;
  width: 20px;
  height: 20px;
  color: #898F9E;
  top: 0.25rem;
  left: 0rem;
  margin-left: 0.75rem;
  margin-right: 0.75rem;
  margin-top: 14px;
  position: absolute;
}

.emotion-4 {
  right: 0rem;
  top: 0.25rem;
  height: 46px;
  padding-right: 0.75rem;
  position: absolute;
  display: -webkit-box;
  display: -webkit-flex;
  display: -ms-flexbox;
  display: flex;
  color: #707685;
}

.emotion-3 {
  color: #898F9E;
  border-left-style: solid;
  border-left-width: 1px;
  border-left-color: #E0E2E7;
  padding-top: 14px;
  margin-top: 0.0625rem;
  width: 32px;
  padding-left: 0.75rem;
  line-height: 1.25;
  font-variation-settings: 'wght' 92;
  font-size: 0.875rem;
}

<div
    class="emotion-9"
  >
    <div
      class="emotion-5"
    >
      <svg
        class="emotion-0"
        fill="none"
        viewBox="0 0 24 24"
      >
        <path
          clip-rule="evenodd"
          d="M12.0045 5.59557C12.4187 5.59557 12.7545 5.93136 12.7545 6.34557L12.7545 17.6593C12.7545 18.0735 12.4187 18.4093 12.0045 18.4093C11.5903 18.4093 11.2545 18.0735 11.2545 17.6593L11.2545 6.34557C11.2545 5.93136 11.5903 5.59557 12.0045 5.59557Z"
          fill="currentColor"
          fill-rule="evenodd"
        />
        <path
          clip-rule="evenodd"
          d="M18.4114 12.0024C18.4114 12.4166 18.0756 12.7524 17.6614 12.7524H6.34766C5.93345 12.7524 5.59766 12.4166 5.59766 12.0024C5.59766 11.5882 5.93345 11.2524 6.34766 11.2524H17.6614C18.0756 11.2524 18.4114 11.5882 18.4114 12.0024Z"
          fill="currentColor"
          fill-rule="evenodd"
        />
      </svg>
      <input
        class="emotion-1"
        id="text-field-6"
        maxlength="120"
        placeholder=" "
        value=""
      />
      <label
        class="emotion-2"
        for="text-field-6"
      >
        Label
      </label>
      <div
        class="emotion-4"
      >
        <span
          class="emotion-3"
        >
          Kg
        </span>
      </div>
    </div>
    <div
      class="emotion-8"
    >
      <span
        class="emotion-6"
      >
        Helper Text
      </span>
      <span
        class="emotion-6"
      >
        0/120
      </span>
    </div>
  </div>
  .emotion-9 {
  display: -webkit-box;
  display: -webkit-flex;
  display: -ms-flexbox;
  display: flex;
  position: relative;
  -webkit-box-pack: start;
  -ms-flex-pack: start;
  -webkit-justify-content: flex-start;
  justify-content: flex-start;
  -webkit-flex-direction: column;
  -ms-flex-direction: column;
  flex-direction: column;
}

.emotion-2 {
  font-family: VTEXTrustVF,-apple-system,system-ui,BlinkMacSystemFont,sans-serif;
  line-height: 1.25;
  font-variation-settings: 'wght' 92;
  font-size: 0.875rem;
  left: 12px;
  padding-top: 0.5rem;
  color: #898F9E;
  margin-bottom: 0.75rem;
  position: absolute;
  -webkit-transform: translate(0, 16px) scale(1);
  -moz-transform: translate(0, 16px) scale(1);
  -ms-transform: translate(0, 16px) scale(1);
  transform: translate(0, 16px) scale(1);
  transform-origin: top left;
  -webkit-transition: all 0.2s ease-out;
  transition: all 0.2s ease-out;
}

.emotion-8 {
  display: -webkit-box;
  display: -webkit-flex;
  display: -ms-flexbox;
  display: flex;
  -webkit-box-pack: justify;
  -webkit-justify-content: space-between;
  justify-content: space-between;
  -webkit-align-items: ;
  -webkit-box-align: ;
  -ms-flex-align: ;
  align-items: ;
  padding-top: 0.25rem;
}

.emotion-6 {
  color: #707685;
  font-family: VTEXTrustVF,-apple-system,system-ui,BlinkMacSystemFont,sans-serif;
  line-height: 1.125;
  font-variation-settings: 'wght' 92;
  font-size: 0.75rem;
}

.emotion-1 {
  font-variation-settings: 'wght' 92;
  width: 100%;
  height: 48px;
  border-style: solid;
  border-width: 1px;
  padding-left: 44px;
  padding-right: 75px;
  border-color: #C4C5CA;
  border-radius: 4px;
  background-color: inherit;
  margin-top: 0.25rem;
  margin-bottom: 0.25rem;
  font-size: 0.875rem;
  color: #323845;
  outline: 0;
  -webkit-transition: all 70ms cubic-bezier(0.2, 0.2, 0.38, 0.9);
  transition: all 70ms cubic-bezier(0.2, 0.2, 0.38, 0.9);
  padding-top: 1rem;
}

.emotion-1:hover {
  border-color: #323845;
}

.emotion-1:focus {
  border-color: #2953B2;
  box-shadow: 0 0 0 1px #2953B2;
}

.emotion-1:disabled {
  background-color: #F4F6FB;
  border-color: #898F9E;
  color: #898F9E;
}

.emotion-1:focus+label {
  -webkit-transform: translate(1px, 4px) scale(0.875);
  -moz-transform: translate(1px, 4px) scale(0.875);
  -ms-transform: translate(1px, 4px) scale(0.875);
  transform: translate(1px, 4px) scale(0.875);
}

.emotion-1:placeholder-shown:not(:focus)+label {
  padding-top: 0.25rem;
}

.emotion-1:not(:placeholder-shown)+label {
  -webkit-transform: translate(1px, 4px) scale(0.875);
  -moz-transform: translate(1px, 4px) scale(0.875);
  -ms-transform: translate(1px, 4px) scale(0.875);
  transform: translate(1px, 4px) scale(0.875);
}

.emotion-5 {
  position: relative;
}

.emotion-5 label {
  left: 44px;
}

.emotion-0 {
  min-width: 20px;
  min-height: 20px;
  width: 20px;
  height: 20px;
  color: #898F9E;
  top: 0.25rem;
  left: 0rem;
  margin-left: 0.75rem;
  margin-right: 0.75rem;
  margin-top: 14px;
  position: absolute;
}

.emotion-4 {
  right: 0rem;
  top: 0.25rem;
  height: 46px;
  padding-right: 0.75rem;
  position: absolute;
  display: -webkit-box;
  display: -webkit-flex;
  display: -ms-flexbox;
  display: flex;
  color: #707685;
}

.emotion-3 {
  color: #898F9E;
  border-left-style: solid;
  border-left-width: 1px;
  border-left-color: #E0E2E7;
  padding-top: 14px;
  margin-top: 0.0625rem;
  width: 32px;
  padding-left: 0.75rem;
  line-height: 1.25;
  font-variation-settings: 'wght' 92;
  font-size: 0.875rem;
}

<div
    class="emotion-9"
  >
    <div
      class="emotion-5"
    >
      <svg
        class="emotion-0"
        fill="none"
        viewBox="0 0 24 24"
      >
        <path
          clip-rule="evenodd"
          d="M12.0045 5.59557C12.4187 5.59557 12.7545 5.93136 12.7545 6.34557L12.7545 17.6593C12.7545 18.0735 12.4187 18.4093 12.0045 18.4093C11.5903 18.4093 11.2545 18.0735 11.2545 17.6593L11.2545 6.34557C11.2545 5.93136 11.5903 5.59557 12.0045 5.59557Z"
          fill="currentColor"
          fill-rule="evenodd"
        />
        <path
          clip-rule="evenodd"
          d="M18.4114 12.0024C18.4114 12.4166 18.0756 12.7524 17.6614 12.7524H6.34766C5.93345 12.7524 5.59766 12.4166 5.59766 12.0024C5.59766 11.5882 5.93345 11.2524 6.34766 11.2524H17.6614C18.0756 11.2524 18.4114 11.5882 18.4114 12.0024Z"
          fill="currentColor"
          fill-rule="evenodd"
        />
      </svg>
      <input
        class="emotion-1"
        id="text-field-7"
        maxlength="120"
        placeholder=" "
        value=""
      />
      <label
        class="emotion-2"
        for="text-field-7"
      >
        Label
      </label>
      <div
        class="emotion-4"
      >
        <span
          class="emotion-3"
        >
          Kg
        </span>
      </div>
    </div>
    <div
      class="emotion-8"
    >
      <span
        class="emotion-6"
      >
        Helper Text
      </span>
      <span
        class="emotion-6"
      >
        0/120
      </span>
    </div>
  </div>
</DocumentFragment>
`;
