// Jest Snapshot v1, https://goo.gl/fbAQLP

exports[`Text tests should match snapshot 1`] = `
<DocumentFragment>
  .emotion-0 {
  line-height: 1.125;
  font-variation-settings: 'wght' 80;
  font-size: 12px;
}

<span
    class="emotion-0"
    sx="[object Object]"
  >
    small
  </span>
  .emotion-0 {
  line-height: 1.25;
  font-variation-settings: 'wght' 80;
  font-size: 14px;
}

<span
    class="emotion-0"
    sx="[object Object]"
  >
    body
  </span>
  .emotion-0 {
  line-height: 1.25;
  font-variation-settings: 'wght' 92;
  font-size: 14px;
}

<span
    class="emotion-0"
    sx="[object Object]"
  >
    highlight
  </span>
  .emotion-0 {
  line-height: 1.5;
  font-variation-settings: 'wght' 92;
  font-size: 14px;
  text-transform: uppercase;
}

<span
    class="emotion-0"
    sx="[object Object]"
  >
    action
  </span>
  .emotion-0 {
  line-height: 1.5;
  font-variation-settings: 'wght' 92;
  font-size: 16px;
}

<h2
    class="emotion-0"
    sx="[object Object]"
  >
    subtitle
  </h2>
  .emotion-0 {
  line-height: 1.5;
  font-variation-settings: 'wght' 92;
  font-size: 20px;
}

<h1
    class="emotion-0"
    sx="[object Object]"
  >
    headline
  </h1>
</DocumentFragment>
`;
