// Jest Snapshot v1, https://goo.gl/fbAQLP

exports[`Button tests should match snapshot 1`] = `
<DocumentFragment>
  .emotion-1 {
  box-sizing: border-box;
  margin: 0;
  min-width: 0;
  -webkit-appearance: none;
  -moz-appearance: none;
  appearance: none;
  display: inline-block;
  text-align: center;
  line-height: inherit;
  -webkit-text-decoration: none;
  text-decoration: none;
  font-size: inherit;
  padding-left: 0.25rem;
  padding-right: 0.25rem;
  padding-top: 0.125rem;
  padding-bottom: 0.125rem;
  color: white;
  border: 0;
  border-radius: 6px;
  border-width: 1px;
  border-radius: 4px;
  cursor: pointer;
  position: relative;
  border-style: solid;
  text-transform: uppercase;
  color: var(--theme-ui-colors-primary-contrast,#FFFFFF);
  background-color: var(--theme-ui-colors-primary-base,#2953B2);
  font-variation-settings: 'wght' 92;
  border-color: var(--theme-ui-colors-primary-base,#2953B2);
  padding-top: 0.5rem;
  padding-bottom: 0.5rem;
  font-size: 14px;
  height: 2.5rem;
  width: auto;
  padding-left: 1rem;
  padding-right: 1rem;
}

.emotion-1 backgroundColor {
  base: var(--theme-ui-colors-primary-base,#2953B2);
  hover: var(--theme-ui-colors-primary-hover,#1E4397);
  active: var(--theme-ui-colors-primary-active,#3F6FDB);
  contrast: var(--theme-ui-colors-primary-contrast,#FFFFFF);
  washed: var(--theme-ui-colors-primary-washed,#F4F8FE);
}

.emotion-1:focus {
  outline: none;
}

.emotion-1:hover {
  background-color: var(--theme-ui-colors-primary-hover,#1E4397);
  border-color: var(--theme-ui-colors-primary-hover,#1E4397);
}

.emotion-1:active {
  background-color: var(--theme-ui-colors-primary-active,#3F6FDB);
  border-color: var(--theme-ui-colors-primary-active,#3F6FDB);
}

.emotion-1:disabled {
  color: var(--theme-ui-colors-text,#323845);
  border-color: var(--theme-ui-colors-muted-2,#C1C6CC);
  background-color: var(--theme-ui-colors-muted-2,#C1C6CC);
}

.emotion-0 {
  box-sizing: border-box;
  margin: 0;
  min-width: 0;
  -webkit-align-items: center;
  -webkit-box-align: center;
  -ms-flex-align: center;
  align-items: center;
  -webkit-box-pack: center;
  -webkit-justify-content: center;
  -ms-flex-pack: center;
  justify-content: center;
  margin: auto;
  width: 100%;
  height: 100%;
  -webkit-flex-direction: row;
  -ms-flex-direction: row;
  flex-direction: row;
  display: -webkit-box;
  display: -webkit-flex;
  display: -ms-flexbox;
  display: flex;
}

<button
    class="emotion-1"
    type="button"
  >
    <div
      class="emotion-0"
    >
      Default
    </div>
  </button>
  .emotion-1 {
  box-sizing: border-box;
  margin: 0;
  min-width: 0;
  -webkit-appearance: none;
  -moz-appearance: none;
  appearance: none;
  display: inline-block;
  text-align: center;
  line-height: inherit;
  -webkit-text-decoration: none;
  text-decoration: none;
  font-size: inherit;
  padding-left: 0.25rem;
  padding-right: 0.25rem;
  padding-top: 0.125rem;
  padding-bottom: 0.125rem;
  color: white;
  border: 0;
  border-radius: 6px;
  border-width: 1px;
  border-radius: 4px;
  cursor: pointer;
  position: relative;
  border-style: solid;
  text-transform: uppercase;
  color: var(--theme-ui-colors-primary-contrast,#FFFFFF);
  background-color: var(--theme-ui-colors-primary-base,#2953B2);
  font-variation-settings: 'wght' 92;
  border-color: var(--theme-ui-colors-primary-base,#2953B2);
  padding-top: 0.5rem;
  padding-bottom: 0.5rem;
  font-size: 14px;
  height: 2.5rem;
  width: auto;
  padding-left: 1rem;
  padding-right: 1rem;
}

.emotion-1 backgroundColor {
  base: var(--theme-ui-colors-primary-base,#2953B2);
  hover: var(--theme-ui-colors-primary-hover,#1E4397);
  active: var(--theme-ui-colors-primary-active,#3F6FDB);
  contrast: var(--theme-ui-colors-primary-contrast,#FFFFFF);
  washed: var(--theme-ui-colors-primary-washed,#F4F8FE);
}

.emotion-1:focus {
  outline: none;
}

.emotion-1:hover {
  background-color: var(--theme-ui-colors-primary-hover,#1E4397);
  border-color: var(--theme-ui-colors-primary-hover,#1E4397);
}

.emotion-1:active {
  background-color: var(--theme-ui-colors-primary-active,#3F6FDB);
  border-color: var(--theme-ui-colors-primary-active,#3F6FDB);
}

.emotion-1:disabled {
  color: var(--theme-ui-colors-text,#323845);
  border-color: var(--theme-ui-colors-muted-2,#C1C6CC);
  background-color: var(--theme-ui-colors-muted-2,#C1C6CC);
}

.emotion-0 {
  box-sizing: border-box;
  margin: 0;
  min-width: 0;
  -webkit-align-items: center;
  -webkit-box-align: center;
  -ms-flex-align: center;
  align-items: center;
  -webkit-box-pack: center;
  -webkit-justify-content: center;
  -ms-flex-pack: center;
  justify-content: center;
  margin: auto;
  width: 100%;
  height: 100%;
  -webkit-flex-direction: row;
  -ms-flex-direction: row;
  flex-direction: row;
  display: -webkit-box;
  display: -webkit-flex;
  display: -ms-flexbox;
  display: flex;
}

<button
    class="emotion-1"
    type="button"
  >
    <div
      class="emotion-0"
    >
      filled - primary - regular
    </div>
  </button>
  .emotion-0 {
  box-sizing: border-box;
  margin: 0;
  min-width: 0;
  -webkit-align-items: center;
  -webkit-box-align: center;
  -ms-flex-align: center;
  align-items: center;
  -webkit-box-pack: center;
  -webkit-justify-content: center;
  -ms-flex-pack: center;
  justify-content: center;
  margin: auto;
  width: 100%;
  height: 100%;
  -webkit-flex-direction: row;
  -ms-flex-direction: row;
  flex-direction: row;
  display: -webkit-box;
  display: -webkit-flex;
  display: -ms-flexbox;
  display: flex;
}

.emotion-1 {
  box-sizing: border-box;
  margin: 0;
  min-width: 0;
  -webkit-appearance: none;
  -moz-appearance: none;
  appearance: none;
  display: inline-block;
  text-align: center;
  line-height: inherit;
  -webkit-text-decoration: none;
  text-decoration: none;
  font-size: inherit;
  padding-left: 0.25rem;
  padding-right: 0.25rem;
  padding-top: 0.125rem;
  padding-bottom: 0.125rem;
  color: white;
  border: 0;
  border-radius: 6px;
  border-width: 1px;
  border-radius: 4px;
  cursor: pointer;
  position: relative;
  border-style: solid;
  text-transform: uppercase;
  color: var(--theme-ui-colors-primary-contrast,#FFFFFF);
  background-color: var(--theme-ui-colors-primary-base,#2953B2);
  font-variation-settings: 'wght' 92;
  border-color: var(--theme-ui-colors-primary-base,#2953B2);
  padding-top: 0.375rem;
  padding-bottom: 0.375rem;
  font-size: 12px;
  height: 2rem;
  width: auto;
  padding-left: 0.75rem;
  padding-right: 0.75rem;
}

.emotion-1 backgroundColor {
  base: var(--theme-ui-colors-primary-base,#2953B2);
  hover: var(--theme-ui-colors-primary-hover,#1E4397);
  active: var(--theme-ui-colors-primary-active,#3F6FDB);
  contrast: var(--theme-ui-colors-primary-contrast,#FFFFFF);
  washed: var(--theme-ui-colors-primary-washed,#F4F8FE);
}

.emotion-1:focus {
  outline: none;
}

.emotion-1:hover {
  background-color: var(--theme-ui-colors-primary-hover,#1E4397);
  border-color: var(--theme-ui-colors-primary-hover,#1E4397);
}

.emotion-1:active {
  background-color: var(--theme-ui-colors-primary-active,#3F6FDB);
  border-color: var(--theme-ui-colors-primary-active,#3F6FDB);
}

.emotion-1:disabled {
  color: var(--theme-ui-colors-text,#323845);
  border-color: var(--theme-ui-colors-muted-2,#C1C6CC);
  background-color: var(--theme-ui-colors-muted-2,#C1C6CC);
}

<button
    class="emotion-1"
    type="button"
  >
    <div
      class="emotion-0"
    >
      filled - primary - small
    </div>
  </button>
  .emotion-0 {
  box-sizing: border-box;
  margin: 0;
  min-width: 0;
  -webkit-align-items: center;
  -webkit-box-align: center;
  -ms-flex-align: center;
  align-items: center;
  -webkit-box-pack: center;
  -webkit-justify-content: center;
  -ms-flex-pack: center;
  justify-content: center;
  margin: auto;
  width: 100%;
  height: 100%;
  -webkit-flex-direction: row;
  -ms-flex-direction: row;
  flex-direction: row;
  display: -webkit-box;
  display: -webkit-flex;
  display: -ms-flexbox;
  display: flex;
}

.emotion-1 {
  box-sizing: border-box;
  margin: 0;
  min-width: 0;
  -webkit-appearance: none;
  -moz-appearance: none;
  appearance: none;
  display: inline-block;
  text-align: center;
  line-height: inherit;
  -webkit-text-decoration: none;
  text-decoration: none;
  font-size: inherit;
  padding-left: 0.25rem;
  padding-right: 0.25rem;
  padding-top: 0.125rem;
  padding-bottom: 0.125rem;
  color: white;
  border: 0;
  border-radius: 6px;
  border-width: 1px;
  border-radius: 4px;
  cursor: pointer;
  position: relative;
  border-style: solid;
  text-transform: uppercase;
  color: var(--theme-ui-colors-danger-contrast,#FFFFFF);
  background-color: var(--theme-ui-colors-danger-base,#D23030);
  font-variation-settings: 'wght' 92;
  border-color: var(--theme-ui-colors-danger-base,#D23030);
  padding-top: 0.5rem;
  padding-bottom: 0.5rem;
  font-size: 14px;
  height: 2.5rem;
  width: auto;
  padding-left: 1rem;
  padding-right: 1rem;
}

.emotion-1 backgroundColor {
  base: var(--theme-ui-colors-primary-base,#2953B2);
  hover: var(--theme-ui-colors-primary-hover,#1E4397);
  active: var(--theme-ui-colors-primary-active,#3F6FDB);
  contrast: var(--theme-ui-colors-primary-contrast,#FFFFFF);
  washed: var(--theme-ui-colors-primary-washed,#F4F8FE);
}

.emotion-1:focus {
  outline: none;
}

.emotion-1:hover {
  border-color: var(--theme-ui-colors-danger-hover,#A70C0C);
  background-color: var(--theme-ui-colors-danger-hover,#A70C0C);
}

.emotion-1:active {
  border-color: var(--theme-ui-colors-danger-active,#DE0404);
  background-color: var(--theme-ui-colors-danger-active,#DE0404);
}

.emotion-1:disabled {
  border-color: var(--theme-ui-colors-muted-2,#C1C6CC);
  color: var(--theme-ui-colors-text,#323845);
  background-color: var(--theme-ui-colors-muted-2,#C1C6CC);
}

<button
    class="emotion-1"
    type="button"
  >
    <div
      class="emotion-0"
    >
      filled - danger - regular
    </div>
  </button>
  .emotion-0 {
  box-sizing: border-box;
  margin: 0;
  min-width: 0;
  -webkit-align-items: center;
  -webkit-box-align: center;
  -ms-flex-align: center;
  align-items: center;
  -webkit-box-pack: center;
  -webkit-justify-content: center;
  -ms-flex-pack: center;
  justify-content: center;
  margin: auto;
  width: 100%;
  height: 100%;
  -webkit-flex-direction: row;
  -ms-flex-direction: row;
  flex-direction: row;
  display: -webkit-box;
  display: -webkit-flex;
  display: -ms-flexbox;
  display: flex;
}

.emotion-1 {
  box-sizing: border-box;
  margin: 0;
  min-width: 0;
  -webkit-appearance: none;
  -moz-appearance: none;
  appearance: none;
  display: inline-block;
  text-align: center;
  line-height: inherit;
  -webkit-text-decoration: none;
  text-decoration: none;
  font-size: inherit;
  padding-left: 0.25rem;
  padding-right: 0.25rem;
  padding-top: 0.125rem;
  padding-bottom: 0.125rem;
  color: white;
  border: 0;
  border-radius: 6px;
  border-width: 1px;
  border-radius: 4px;
  cursor: pointer;
  position: relative;
  border-style: solid;
  text-transform: uppercase;
  color: var(--theme-ui-colors-danger-contrast,#FFFFFF);
  background-color: var(--theme-ui-colors-danger-base,#D23030);
  font-variation-settings: 'wght' 92;
  border-color: var(--theme-ui-colors-danger-base,#D23030);
  padding-top: 0.375rem;
  padding-bottom: 0.375rem;
  font-size: 12px;
  height: 2rem;
  width: auto;
  padding-left: 0.75rem;
  padding-right: 0.75rem;
}

.emotion-1 backgroundColor {
  base: var(--theme-ui-colors-primary-base,#2953B2);
  hover: var(--theme-ui-colors-primary-hover,#1E4397);
  active: var(--theme-ui-colors-primary-active,#3F6FDB);
  contrast: var(--theme-ui-colors-primary-contrast,#FFFFFF);
  washed: var(--theme-ui-colors-primary-washed,#F4F8FE);
}

.emotion-1:focus {
  outline: none;
}

.emotion-1:hover {
  border-color: var(--theme-ui-colors-danger-hover,#A70C0C);
  background-color: var(--theme-ui-colors-danger-hover,#A70C0C);
}

.emotion-1:active {
  border-color: var(--theme-ui-colors-danger-active,#DE0404);
  background-color: var(--theme-ui-colors-danger-active,#DE0404);
}

.emotion-1:disabled {
  border-color: var(--theme-ui-colors-muted-2,#C1C6CC);
  color: var(--theme-ui-colors-text,#323845);
  background-color: var(--theme-ui-colors-muted-2,#C1C6CC);
}

<button
    class="emotion-1"
    type="button"
  >
    <div
      class="emotion-0"
    >
      filled - danger - small
    </div>
  </button>
  .emotion-0 {
  box-sizing: border-box;
  margin: 0;
  min-width: 0;
  -webkit-align-items: center;
  -webkit-box-align: center;
  -ms-flex-align: center;
  align-items: center;
  -webkit-box-pack: center;
  -webkit-justify-content: center;
  -ms-flex-pack: center;
  justify-content: center;
  margin: auto;
  width: 100%;
  height: 100%;
  -webkit-flex-direction: row;
  -ms-flex-direction: row;
  flex-direction: row;
  display: -webkit-box;
  display: -webkit-flex;
  display: -ms-flexbox;
  display: flex;
}

.emotion-1 {
  box-sizing: border-box;
  margin: 0;
  min-width: 0;
  -webkit-appearance: none;
  -moz-appearance: none;
  appearance: none;
  display: inline-block;
  text-align: center;
  line-height: inherit;
  -webkit-text-decoration: none;
  text-decoration: none;
  font-size: inherit;
  padding-left: 0.25rem;
  padding-right: 0.25rem;
  padding-top: 0.125rem;
  padding-bottom: 0.125rem;
  color: white;
  border: 0;
  border-radius: 6px;
  border-width: 1px;
  border-radius: 4px;
  cursor: pointer;
  position: relative;
  border-style: solid;
  text-transform: uppercase;
  background-color: transparent;
  border-color: var(--theme-ui-colors-muted-2,#C1C6CC);
  color: var(--theme-ui-colors-primary-base,#2953B2);
  font-variation-settings: 'wght' 92;
  padding-top: 0.5rem;
  padding-bottom: 0.5rem;
  font-size: 14px;
  height: 2.5rem;
  width: auto;
  padding-left: 1rem;
  padding-right: 1rem;
}

.emotion-1 backgroundColor {
  base: var(--theme-ui-colors-primary-base,#2953B2);
  hover: var(--theme-ui-colors-primary-hover,#1E4397);
  active: var(--theme-ui-colors-primary-active,#3F6FDB);
  contrast: var(--theme-ui-colors-primary-contrast,#FFFFFF);
  washed: var(--theme-ui-colors-primary-washed,#F4F8FE);
}

.emotion-1:focus {
  outline: none;
}

.emotion-1:hover {
  background-color: var(--theme-ui-colors-primary-washed,#F4F8FE);
  color: var(--theme-ui-colors-primary-hover,#1E4397);
}

.emotion-1:active {
  color: var(--theme-ui-colors-primary-active,#3F6FDB);
}

.emotion-1:disabled {
  color: var(--theme-ui-colors-muted-1,#8B9299);
  background-color: var(--theme-ui-colors-muted-4,#F3F5F9);
}

<button
    class="emotion-1"
    type="button"
  >
    <div
      class="emotion-0"
    >
      outlined - primary - regular
    </div>
  </button>
  .emotion-0 {
  box-sizing: border-box;
  margin: 0;
  min-width: 0;
  -webkit-align-items: center;
  -webkit-box-align: center;
  -ms-flex-align: center;
  align-items: center;
  -webkit-box-pack: center;
  -webkit-justify-content: center;
  -ms-flex-pack: center;
  justify-content: center;
  margin: auto;
  width: 100%;
  height: 100%;
  -webkit-flex-direction: row;
  -ms-flex-direction: row;
  flex-direction: row;
  display: -webkit-box;
  display: -webkit-flex;
  display: -ms-flexbox;
  display: flex;
}

.emotion-1 {
  box-sizing: border-box;
  margin: 0;
  min-width: 0;
  -webkit-appearance: none;
  -moz-appearance: none;
  appearance: none;
  display: inline-block;
  text-align: center;
  line-height: inherit;
  -webkit-text-decoration: none;
  text-decoration: none;
  font-size: inherit;
  padding-left: 0.25rem;
  padding-right: 0.25rem;
  padding-top: 0.125rem;
  padding-bottom: 0.125rem;
  color: white;
  border: 0;
  border-radius: 6px;
  border-width: 1px;
  border-radius: 4px;
  cursor: pointer;
  position: relative;
  border-style: solid;
  text-transform: uppercase;
  background-color: transparent;
  border-color: var(--theme-ui-colors-muted-2,#C1C6CC);
  color: var(--theme-ui-colors-primary-base,#2953B2);
  font-variation-settings: 'wght' 92;
  padding-top: 0.375rem;
  padding-bottom: 0.375rem;
  font-size: 12px;
  height: 2rem;
  width: auto;
  padding-left: 0.75rem;
  padding-right: 0.75rem;
}

.emotion-1 backgroundColor {
  base: var(--theme-ui-colors-primary-base,#2953B2);
  hover: var(--theme-ui-colors-primary-hover,#1E4397);
  active: var(--theme-ui-colors-primary-active,#3F6FDB);
  contrast: var(--theme-ui-colors-primary-contrast,#FFFFFF);
  washed: var(--theme-ui-colors-primary-washed,#F4F8FE);
}

.emotion-1:focus {
  outline: none;
}

.emotion-1:hover {
  background-color: var(--theme-ui-colors-primary-washed,#F4F8FE);
  color: var(--theme-ui-colors-primary-hover,#1E4397);
}

.emotion-1:active {
  color: var(--theme-ui-colors-primary-active,#3F6FDB);
}

.emotion-1:disabled {
  color: var(--theme-ui-colors-muted-1,#8B9299);
  background-color: var(--theme-ui-colors-muted-4,#F3F5F9);
}

<button
    class="emotion-1"
    type="button"
  >
    <div
      class="emotion-0"
    >
      outlined - primary - small
    </div>
  </button>
  .emotion-0 {
  box-sizing: border-box;
  margin: 0;
  min-width: 0;
  -webkit-align-items: center;
  -webkit-box-align: center;
  -ms-flex-align: center;
  align-items: center;
  -webkit-box-pack: center;
  -webkit-justify-content: center;
  -ms-flex-pack: center;
  justify-content: center;
  margin: auto;
  width: 100%;
  height: 100%;
  -webkit-flex-direction: row;
  -ms-flex-direction: row;
  flex-direction: row;
  display: -webkit-box;
  display: -webkit-flex;
  display: -ms-flexbox;
  display: flex;
}

.emotion-1 {
  box-sizing: border-box;
  margin: 0;
  min-width: 0;
  -webkit-appearance: none;
  -moz-appearance: none;
  appearance: none;
  display: inline-block;
  text-align: center;
  line-height: inherit;
  -webkit-text-decoration: none;
  text-decoration: none;
  font-size: inherit;
  padding-left: 0.25rem;
  padding-right: 0.25rem;
  padding-top: 0.125rem;
  padding-bottom: 0.125rem;
  color: white;
  border: 0;
  border-radius: 6px;
  border-width: 1px;
  border-radius: 4px;
  cursor: pointer;
  position: relative;
  border-style: solid;
  text-transform: uppercase;
  background-color: transparent;
  border-color: var(--theme-ui-colors-muted-2,#C1C6CC);
  color: var(--theme-ui-colors-danger-base,#D23030);
  font-variation-settings: 'wght' 92;
  padding-top: 0.5rem;
  padding-bottom: 0.5rem;
  font-size: 14px;
  height: 2.5rem;
  width: auto;
  padding-left: 1rem;
  padding-right: 1rem;
}

.emotion-1 backgroundColor {
  base: var(--theme-ui-colors-primary-base,#2953B2);
  hover: var(--theme-ui-colors-primary-hover,#1E4397);
  active: var(--theme-ui-colors-primary-active,#3F6FDB);
  contrast: var(--theme-ui-colors-primary-contrast,#FFFFFF);
  washed: var(--theme-ui-colors-primary-washed,#F4F8FE);
}

.emotion-1:focus {
  outline: none;
}

.emotion-1:hover {
  background-color: var(--theme-ui-colors-danger-washed,#FFF0F0);
  color: var(--theme-ui-colors-danger-hover,#A70C0C);
}

.emotion-1:active {
  color: var(--theme-ui-colors-danger-active,#DE0404);
}

.emotion-1:disabled {
  color: var(--theme-ui-colors-muted-1,#8B9299);
  background-color: var(--theme-ui-colors-muted-4,#F3F5F9);
}

<button
    class="emotion-1"
    type="button"
  >
    <div
      class="emotion-0"
    >
      outlined - danger - regular
    </div>
  </button>
  .emotion-0 {
  box-sizing: border-box;
  margin: 0;
  min-width: 0;
  -webkit-align-items: center;
  -webkit-box-align: center;
  -ms-flex-align: center;
  align-items: center;
  -webkit-box-pack: center;
  -webkit-justify-content: center;
  -ms-flex-pack: center;
  justify-content: center;
  margin: auto;
  width: 100%;
  height: 100%;
  -webkit-flex-direction: row;
  -ms-flex-direction: row;
  flex-direction: row;
  display: -webkit-box;
  display: -webkit-flex;
  display: -ms-flexbox;
  display: flex;
}

.emotion-1 {
  box-sizing: border-box;
  margin: 0;
  min-width: 0;
  -webkit-appearance: none;
  -moz-appearance: none;
  appearance: none;
  display: inline-block;
  text-align: center;
  line-height: inherit;
  -webkit-text-decoration: none;
  text-decoration: none;
  font-size: inherit;
  padding-left: 0.25rem;
  padding-right: 0.25rem;
  padding-top: 0.125rem;
  padding-bottom: 0.125rem;
  color: white;
  border: 0;
  border-radius: 6px;
  border-width: 1px;
  border-radius: 4px;
  cursor: pointer;
  position: relative;
  border-style: solid;
  text-transform: uppercase;
  background-color: transparent;
  border-color: var(--theme-ui-colors-muted-2,#C1C6CC);
  color: var(--theme-ui-colors-danger-base,#D23030);
  font-variation-settings: 'wght' 92;
  padding-top: 0.375rem;
  padding-bottom: 0.375rem;
  font-size: 12px;
  height: 2rem;
  width: auto;
  padding-left: 0.75rem;
  padding-right: 0.75rem;
}

.emotion-1 backgroundColor {
  base: var(--theme-ui-colors-primary-base,#2953B2);
  hover: var(--theme-ui-colors-primary-hover,#1E4397);
  active: var(--theme-ui-colors-primary-active,#3F6FDB);
  contrast: var(--theme-ui-colors-primary-contrast,#FFFFFF);
  washed: var(--theme-ui-colors-primary-washed,#F4F8FE);
}

.emotion-1:focus {
  outline: none;
}

.emotion-1:hover {
  background-color: var(--theme-ui-colors-danger-washed,#FFF0F0);
  color: var(--theme-ui-colors-danger-hover,#A70C0C);
}

.emotion-1:active {
  color: var(--theme-ui-colors-danger-active,#DE0404);
}

.emotion-1:disabled {
  color: var(--theme-ui-colors-muted-1,#8B9299);
  background-color: var(--theme-ui-colors-muted-4,#F3F5F9);
}

<button
    class="emotion-1"
    type="button"
  >
    <div
      class="emotion-0"
    >
      outlined - danger - small
    </div>
  </button>
  .emotion-0 {
  box-sizing: border-box;
  margin: 0;
  min-width: 0;
  -webkit-align-items: center;
  -webkit-box-align: center;
  -ms-flex-align: center;
  align-items: center;
  -webkit-box-pack: center;
  -webkit-justify-content: center;
  -ms-flex-pack: center;
  justify-content: center;
  margin: auto;
  width: 100%;
  height: 100%;
  -webkit-flex-direction: row;
  -ms-flex-direction: row;
  flex-direction: row;
  display: -webkit-box;
  display: -webkit-flex;
  display: -ms-flexbox;
  display: flex;
}

.emotion-1 {
  box-sizing: border-box;
  margin: 0;
  min-width: 0;
  -webkit-appearance: none;
  -moz-appearance: none;
  appearance: none;
  display: inline-block;
  text-align: center;
  line-height: inherit;
  -webkit-text-decoration: none;
  text-decoration: none;
  font-size: inherit;
  padding-left: 0.25rem;
  padding-right: 0.25rem;
  padding-top: 0.125rem;
  padding-bottom: 0.125rem;
  color: white;
  border: 0;
  border-radius: 6px;
  border-width: 1px;
  border-radius: 4px;
  cursor: pointer;
  position: relative;
  border-style: solid;
  border-color: transparent;
  text-transform: capitalize;
  background-color: transparent;
  color: var(--theme-ui-colors-primary-base,#2953B2);
  font-variation-settings: 'wght' 92;
  padding-top: 0.5rem;
  padding-bottom: 0.5rem;
  font-size: 14px;
  height: 2.5rem;
  width: auto;
  padding-left: 1rem;
  padding-right: 1rem;
}

.emotion-1 backgroundColor {
  base: var(--theme-ui-colors-primary-base,#2953B2);
  hover: var(--theme-ui-colors-primary-hover,#1E4397);
  active: var(--theme-ui-colors-primary-active,#3F6FDB);
  contrast: var(--theme-ui-colors-primary-contrast,#FFFFFF);
  washed: var(--theme-ui-colors-primary-washed,#F4F8FE);
}

.emotion-1:focus {
  outline: none;
}

.emotion-1:hover {
  color: var(--theme-ui-colors-primary-hover,#1E4397);
  background-color: var(--theme-ui-colors-primary-washed,#F4F8FE);
}

.emotion-1:active {
  color: var(--theme-ui-colors-primary-active,#3F6FDB);
  background-color: var(--theme-ui-colors-primary-washed,#F4F8FE);
}

.emotion-1:disabled {
  color: var(--theme-ui-colors-muted-1,#8B9299);
}

<button
    class="emotion-1"
    type="button"
  >
    <div
      class="emotion-0"
    >
      subtle - primary - regular
    </div>
  </button>
  .emotion-0 {
  box-sizing: border-box;
  margin: 0;
  min-width: 0;
  -webkit-align-items: center;
  -webkit-box-align: center;
  -ms-flex-align: center;
  align-items: center;
  -webkit-box-pack: center;
  -webkit-justify-content: center;
  -ms-flex-pack: center;
  justify-content: center;
  margin: auto;
  width: 100%;
  height: 100%;
  -webkit-flex-direction: row;
  -ms-flex-direction: row;
  flex-direction: row;
  display: -webkit-box;
  display: -webkit-flex;
  display: -ms-flexbox;
  display: flex;
}

.emotion-1 {
  box-sizing: border-box;
  margin: 0;
  min-width: 0;
  -webkit-appearance: none;
  -moz-appearance: none;
  appearance: none;
  display: inline-block;
  text-align: center;
  line-height: inherit;
  -webkit-text-decoration: none;
  text-decoration: none;
  font-size: inherit;
  padding-left: 0.25rem;
  padding-right: 0.25rem;
  padding-top: 0.125rem;
  padding-bottom: 0.125rem;
  color: white;
  border: 0;
  border-radius: 6px;
  border-width: 1px;
  border-radius: 4px;
  cursor: pointer;
  position: relative;
  border-style: solid;
  border-color: transparent;
  text-transform: capitalize;
  background-color: transparent;
  color: var(--theme-ui-colors-primary-base,#2953B2);
  font-variation-settings: 'wght' 92;
  padding-top: 0.375rem;
  padding-bottom: 0.375rem;
  font-size: 12px;
  height: 2rem;
  width: auto;
  padding-left: 0.75rem;
  padding-right: 0.75rem;
}

.emotion-1 backgroundColor {
  base: var(--theme-ui-colors-primary-base,#2953B2);
  hover: var(--theme-ui-colors-primary-hover,#1E4397);
  active: var(--theme-ui-colors-primary-active,#3F6FDB);
  contrast: var(--theme-ui-colors-primary-contrast,#FFFFFF);
  washed: var(--theme-ui-colors-primary-washed,#F4F8FE);
}

.emotion-1:focus {
  outline: none;
}

.emotion-1:hover {
  color: var(--theme-ui-colors-primary-hover,#1E4397);
  background-color: var(--theme-ui-colors-primary-washed,#F4F8FE);
}

.emotion-1:active {
  color: var(--theme-ui-colors-primary-active,#3F6FDB);
  background-color: var(--theme-ui-colors-primary-washed,#F4F8FE);
}

.emotion-1:disabled {
  color: var(--theme-ui-colors-muted-1,#8B9299);
}

<button
    class="emotion-1"
    type="button"
  >
    <div
      class="emotion-0"
    >
      subtle - primary - small
    </div>
  </button>
  .emotion-0 {
  box-sizing: border-box;
  margin: 0;
  min-width: 0;
  -webkit-align-items: center;
  -webkit-box-align: center;
  -ms-flex-align: center;
  align-items: center;
  -webkit-box-pack: center;
  -webkit-justify-content: center;
  -ms-flex-pack: center;
  justify-content: center;
  margin: auto;
  width: 100%;
  height: 100%;
  -webkit-flex-direction: row;
  -ms-flex-direction: row;
  flex-direction: row;
  display: -webkit-box;
  display: -webkit-flex;
  display: -ms-flexbox;
  display: flex;
}

.emotion-1 {
  box-sizing: border-box;
  margin: 0;
  min-width: 0;
  -webkit-appearance: none;
  -moz-appearance: none;
  appearance: none;
  display: inline-block;
  text-align: center;
  line-height: inherit;
  -webkit-text-decoration: none;
  text-decoration: none;
  font-size: inherit;
  padding-left: 0.25rem;
  padding-right: 0.25rem;
  padding-top: 0.125rem;
  padding-bottom: 0.125rem;
  color: white;
  border: 0;
  border-radius: 6px;
  border-width: 1px;
  border-radius: 4px;
  cursor: pointer;
  position: relative;
  border-style: solid;
  border-color: transparent;
  text-transform: capitalize;
  background-color: transparent;
  color: var(--theme-ui-colors-danger-base,#D23030);
  font-variation-settings: 'wght' 92;
  padding-top: 0.5rem;
  padding-bottom: 0.5rem;
  font-size: 14px;
  height: 2.5rem;
  width: auto;
  padding-left: 1rem;
  padding-right: 1rem;
}

.emotion-1 backgroundColor {
  base: var(--theme-ui-colors-primary-base,#2953B2);
  hover: var(--theme-ui-colors-primary-hover,#1E4397);
  active: var(--theme-ui-colors-primary-active,#3F6FDB);
  contrast: var(--theme-ui-colors-primary-contrast,#FFFFFF);
  washed: var(--theme-ui-colors-primary-washed,#F4F8FE);
}

.emotion-1:focus {
  outline: none;
}

.emotion-1:hover {
  color: var(--theme-ui-colors-danger-hover,#A70C0C);
  background-color: var(--theme-ui-colors-danger-washed,#FFF0F0);
}

.emotion-1:active {
  color: var(--theme-ui-colors-danger-active,#DE0404);
  background-color: var(--theme-ui-colors-danger-washed,#FFF0F0);
}

.emotion-1:disabled {
  color: var(--theme-ui-colors-muted-1,#8B9299);
}

<button
    class="emotion-1"
    type="button"
  >
    <div
      class="emotion-0"
    >
      subtle - danger - regular
    </div>
  </button>
  .emotion-0 {
  box-sizing: border-box;
  margin: 0;
  min-width: 0;
  -webkit-align-items: center;
  -webkit-box-align: center;
  -ms-flex-align: center;
  align-items: center;
  -webkit-box-pack: center;
  -webkit-justify-content: center;
  -ms-flex-pack: center;
  justify-content: center;
  margin: auto;
  width: 100%;
  height: 100%;
  -webkit-flex-direction: row;
  -ms-flex-direction: row;
  flex-direction: row;
  display: -webkit-box;
  display: -webkit-flex;
  display: -ms-flexbox;
  display: flex;
}

.emotion-1 {
  box-sizing: border-box;
  margin: 0;
  min-width: 0;
  -webkit-appearance: none;
  -moz-appearance: none;
  appearance: none;
  display: inline-block;
  text-align: center;
  line-height: inherit;
  -webkit-text-decoration: none;
  text-decoration: none;
  font-size: inherit;
  padding-left: 0.25rem;
  padding-right: 0.25rem;
  padding-top: 0.125rem;
  padding-bottom: 0.125rem;
  color: white;
  border: 0;
  border-radius: 6px;
  border-width: 1px;
  border-radius: 4px;
  cursor: pointer;
  position: relative;
  border-style: solid;
  border-color: transparent;
  text-transform: capitalize;
  background-color: transparent;
  color: var(--theme-ui-colors-danger-base,#D23030);
  font-variation-settings: 'wght' 92;
  padding-top: 0.375rem;
  padding-bottom: 0.375rem;
  font-size: 12px;
  height: 2rem;
  width: auto;
  padding-left: 0.75rem;
  padding-right: 0.75rem;
}

.emotion-1 backgroundColor {
  base: var(--theme-ui-colors-primary-base,#2953B2);
  hover: var(--theme-ui-colors-primary-hover,#1E4397);
  active: var(--theme-ui-colors-primary-active,#3F6FDB);
  contrast: var(--theme-ui-colors-primary-contrast,#FFFFFF);
  washed: var(--theme-ui-colors-primary-washed,#F4F8FE);
}

.emotion-1:focus {
  outline: none;
}

.emotion-1:hover {
  color: var(--theme-ui-colors-danger-hover,#A70C0C);
  background-color: var(--theme-ui-colors-danger-washed,#FFF0F0);
}

.emotion-1:active {
  color: var(--theme-ui-colors-danger-active,#DE0404);
  background-color: var(--theme-ui-colors-danger-washed,#FFF0F0);
}

.emotion-1:disabled {
  color: var(--theme-ui-colors-muted-1,#8B9299);
}

<button
    class="emotion-1"
    type="button"
  >
    <div
      class="emotion-0"
    >
      subtle - danger - small
    </div>
  </button>
</DocumentFragment>
`;
