// Jest Snapshot v1, https://goo.gl/fbAQLP

exports[`Select tests should render a Select with a list of string and other with a list of object 1`] = `
<DocumentFragment>
  .emotion-4 {
  display: -webkit-box;
  display: -webkit-flex;
  display: -ms-flexbox;
  display: flex;
}

@media screen and (min-width: 640px) {
  .emotion-4 {
    display: none;
  }
}

.emotion-1 {
  color: #323845;
  outline: none;
  font-size: 0.875rem;
  -webkit-appearance: none;
  -moz-appearance: none;
  -ms-appearance: none;
  appearance: none;
  background-color: transparent;
  border: 1px solid;
  border-color: #C4C5CA;
  border-radius: 4px;
  padding-top: 16px;
  padding-left: 12px;
  width: 100%;
  height: 100%;
}

.emotion-1:focus {
  border-color: #2953B2;
  box-shadow: 0 0 0 1px #2953B2;
}

.emotion-1:disabled {
  background-color: #F4F6FB;
  border-color: #898F9E;
  color: #323845;
}

.emotion-1:disabled>svg {
  color: #707685;
}

.emotion-3 {
  position: relative;
  width: 288px;
  height: 48px;
}

.emotion-0 {
  font-family: VTEXTrustVF,-apple-system,system-ui,BlinkMacSystemFont,sans-serif;
  line-height: 1.5;
  font-variation-settings: 'wght' 92;
  font-size: 0.75rem;
  position: absolute;
  top: 0.5rem;
  padding-left: 0.75rem;
  color: #707685;
  z-index: 2;
}

.emotion-2 {
  min-width: 24px;
  min-height: 24px;
  width: 24px;
  height: 24px;
  -webkit-transform: rotate(180deg);
  -moz-transform: rotate(180deg);
  -ms-transform: rotate(180deg);
  transform: rotate(180deg);
  position: absolute;
  right: 12px;
  top: 25%;
  color: #707685;
}

.emotion-12 {
  display: none;
}

@media screen and (min-width: 640px) {
  .emotion-12 {
    display: -webkit-box;
    display: -webkit-flex;
    display: -ms-flexbox;
    display: flex;
  }
}

.emotion-11 {
  width: 288px;
  position: relative;
}

.emotion-9 {
  display: -webkit-box;
  display: -webkit-flex;
  display: -ms-flexbox;
  display: flex;
  -webkit-align-items: center;
  -webkit-box-align: center;
  -ms-flex-align: center;
  align-items: center;
  -webkit-box-pack: justify;
  -webkit-justify-content: space-between;
  justify-content: space-between;
  cursor: pointer;
  height: 48px;
  width: inherit;
  box-shadow: 0 0 0 0 transparent;
  border-style: solid;
  border-width: 1px;
  padding-left: 0.75rem;
  padding-right: 1rem;
  border-color: #C4C5CA;
  border-radius: 4px;
  background-color: inherit;
  margin-bottom: 0.25rem;
  font-size: 0.875rem;
  color: #707685;
  outline: 0;
}

.emotion-9:hover {
  border-color: #898F9E;
}

.emotion-9:hover>svg {
  color: #323845;
}

.emotion-9:focus {
  border-color: #2953B2;
  box-shadow: 0 0 0 1px #2953B2;
}

.emotion-9:disabled {
  background-color: #F4F6FB;
  border-color: #898F9E;
  color: #707685;
  cursor: initial;
}

.emotion-9:disabled>svg {
  color: #707685;
}



.emotion-5 {
  line-height: 1.43;
  color: #323845;
  float: left;
  margin-top: 1rem;
}

.emotion-5:not(:empty)+label {
  font-size: 0.75rem;
  line-height: 1.5;
}

.emotion-6 {
  font-family: VTEXTrustVF,-apple-system,system-ui,BlinkMacSystemFont,sans-serif;
  line-height: 1.43;
  font-variation-settings: 'wght' 92;
  font-size: 0.875rem;
  position: absolute;
  left: 12px;
}

.emotion-8 {
  min-width: 20px;
  min-height: 20px;
  width: 20px;
  height: 20px;
  -webkit-transform: rotate(180deg);
  -moz-transform: rotate(180deg);
  -ms-transform: rotate(180deg);
  transform: rotate(180deg);
}

.emotion-10 {
  position: absolute;
  z-index: 999;
  width: inherit;
  background-color: #FFFFFF;
  outline: none;
  top: 0px;
  border-radius: 4px;
}

<div
    class="emotion-7"
  >
    <div
      class="emotion-4"
    >
      <div
        class="emotion-3"
      >
        <label
          class="emotion-0"
        >
          Date
        </label>
        <select
          class="emotion-1"
        >
          <option>
            Yesterday
          </option>
          <option>
            7 days ago
          </option>
          <option>
            28 days ago
          </option>
          <option>
            One year ago
          </option>
        </select>
        <svg
          class="emotion-2"
          fill="none"
          viewBox="0 0 24 24"
        >
          <path
            d="M16 14L12 10L8 14"
            stroke="currentColor"
            stroke-linecap="round"
            stroke-linejoin="round"
            stroke-width="1.5"
          />
        </svg>
      </div>
    </div>
    <div
      class="emotion-12"
    >
      <div
        class="emotion-11"
        role="listbox"
      >
        <button
          aria-expanded="false"
          aria-haspopup="listbox"
          aria-labelledby="downshift-1-label downshift-1-toggle-button"
          class="emotion-9"
          id="downshift-1-toggle-button"
        >
          <div
            class="emotion-7"
          >
            <span
              class="emotion-5"
            >
              7 days ago
            </span>
            <label
              class="emotion-6"
              for="downshift-1-toggle-button"
              id="downshift-1-label"
            >
              Date
            </label>
          </div>
          <svg
            class="emotion-8"
            color="text.secondary"
            fill="none"
            viewBox="0 0 24 24"
          >
            <path
              d="M16 14L12 10L8 14"
              stroke="currentColor"
              stroke-linecap="round"
              stroke-linejoin="round"
              stroke-width="1.5"
            />
          </svg>
        </button>
        <div
          aria-labelledby="downshift-1-label"
          class="emotion-10"
          id="downshift-1-menu"
          role="option"
          tabindex="-1"
        />
      </div>
    </div>
  </div>
  .emotion-4 {
  display: -webkit-box;
  display: -webkit-flex;
  display: -ms-flexbox;
  display: flex;
}

@media screen and (min-width: 640px) {
  .emotion-4 {
    display: none;
  }
}

.emotion-1 {
  color: #323845;
  outline: none;
  font-size: 0.875rem;
  -webkit-appearance: none;
  -moz-appearance: none;
  -ms-appearance: none;
  appearance: none;
  background-color: transparent;
  border: 1px solid;
  border-color: #C4C5CA;
  border-radius: 4px;
  padding-top: 16px;
  padding-left: 12px;
  width: 100%;
  height: 100%;
}

.emotion-1:focus {
  border-color: #2953B2;
  box-shadow: 0 0 0 1px #2953B2;
}

.emotion-1:disabled {
  background-color: #F4F6FB;
  border-color: #898F9E;
  color: #323845;
}

.emotion-1:disabled>svg {
  color: #707685;
}

.emotion-3 {
  position: relative;
  width: 288px;
  height: 48px;
}

.emotion-0 {
  font-family: VTEXTrustVF,-apple-system,system-ui,BlinkMacSystemFont,sans-serif;
  line-height: 1.5;
  font-variation-settings: 'wght' 92;
  font-size: 0.75rem;
  position: absolute;
  top: 0.5rem;
  padding-left: 0.75rem;
  color: #707685;
  z-index: 2;
}

.emotion-2 {
  min-width: 24px;
  min-height: 24px;
  width: 24px;
  height: 24px;
  -webkit-transform: rotate(180deg);
  -moz-transform: rotate(180deg);
  -ms-transform: rotate(180deg);
  transform: rotate(180deg);
  position: absolute;
  right: 12px;
  top: 25%;
  color: #707685;
}

.emotion-12 {
  display: none;
}

@media screen and (min-width: 640px) {
  .emotion-12 {
    display: -webkit-box;
    display: -webkit-flex;
    display: -ms-flexbox;
    display: flex;
  }
}

.emotion-11 {
  width: 288px;
  position: relative;
}

.emotion-9 {
  display: -webkit-box;
  display: -webkit-flex;
  display: -ms-flexbox;
  display: flex;
  -webkit-align-items: center;
  -webkit-box-align: center;
  -ms-flex-align: center;
  align-items: center;
  -webkit-box-pack: justify;
  -webkit-justify-content: space-between;
  justify-content: space-between;
  cursor: pointer;
  height: 48px;
  width: inherit;
  box-shadow: 0 0 0 0 transparent;
  border-style: solid;
  border-width: 1px;
  padding-left: 0.75rem;
  padding-right: 1rem;
  border-color: #C4C5CA;
  border-radius: 4px;
  background-color: inherit;
  margin-bottom: 0.25rem;
  font-size: 0.875rem;
  color: #707685;
  outline: 0;
}

.emotion-9:hover {
  border-color: #898F9E;
}

.emotion-9:hover>svg {
  color: #323845;
}

.emotion-9:focus {
  border-color: #2953B2;
  box-shadow: 0 0 0 1px #2953B2;
}

.emotion-9:disabled {
  background-color: #F4F6FB;
  border-color: #898F9E;
  color: #707685;
  cursor: initial;
}

.emotion-9:disabled>svg {
  color: #707685;
}



.emotion-5 {
  line-height: 1.43;
  color: #323845;
  float: left;
  margin-top: 1rem;
}

.emotion-5:not(:empty)+label {
  font-size: 0.75rem;
  line-height: 1.5;
}

.emotion-6 {
  font-family: VTEXTrustVF,-apple-system,system-ui,BlinkMacSystemFont,sans-serif;
  line-height: 1.43;
  font-variation-settings: 'wght' 92;
  font-size: 0.875rem;
  position: absolute;
  left: 12px;
}

.emotion-8 {
  min-width: 20px;
  min-height: 20px;
  width: 20px;
  height: 20px;
  -webkit-transform: rotate(180deg);
  -moz-transform: rotate(180deg);
  -ms-transform: rotate(180deg);
  transform: rotate(180deg);
}

.emotion-10 {
  position: absolute;
  z-index: 999;
  width: inherit;
  background-color: #FFFFFF;
  outline: none;
  top: 0px;
  border-radius: 4px;
}

<div
    class="emotion-7"
  >
    <div
      class="emotion-4"
    >
      <div
        class="emotion-3"
      >
        <label
          class="emotion-0"
        >
          Date
        </label>
        <select
          class="emotion-1"
        >
          <option>
            Yesterday
          </option>
          <option>
            7 days ago
          </option>
          <option>
            28 days ago
          </option>
          <option>
            One year ago
          </option>
        </select>
        <svg
          class="emotion-2"
          fill="none"
          viewBox="0 0 24 24"
        >
          <path
            d="M16 14L12 10L8 14"
            stroke="currentColor"
            stroke-linecap="round"
            stroke-linejoin="round"
            stroke-width="1.5"
          />
        </svg>
      </div>
    </div>
    <div
      class="emotion-12"
    >
      <div
        class="emotion-11"
        role="listbox"
      >
        <button
          aria-expanded="false"
          aria-haspopup="listbox"
          aria-labelledby="downshift-2-label downshift-2-toggle-button"
          class="emotion-9"
          id="downshift-2-toggle-button"
        >
          <div
            class="emotion-7"
          >
            <span
              class="emotion-5"
            >
              7 days ago
            </span>
            <label
              class="emotion-6"
              for="downshift-2-toggle-button"
              id="downshift-2-label"
            >
              Date
            </label>
          </div>
          <svg
            class="emotion-8"
            color="text.secondary"
            fill="none"
            viewBox="0 0 24 24"
          >
            <path
              d="M16 14L12 10L8 14"
              stroke="currentColor"
              stroke-linecap="round"
              stroke-linejoin="round"
              stroke-width="1.5"
            />
          </svg>
        </button>
        <div
          aria-labelledby="downshift-2-label"
          class="emotion-10"
          id="downshift-2-menu"
          role="option"
          tabindex="-1"
        />
      </div>
    </div>
  </div>
</DocumentFragment>
`;
