// Jest Snapshot v1, https://goo.gl/fbAQLP

exports[`CollapsibleGroup tests should match snapshot 1`] = `
<DocumentFragment>
  .emotion-6 {
  background-color: #FFFFFF;
  border-radius: 4px;
}

.emotion-5 {
  display: -webkit-box;
  display: -webkit-flex;
  display: -ms-flexbox;
  display: flex;
  -webkit-align-items: center;
  -webkit-box-align: center;
  -ms-flex-align: center;
  align-items: center;
  -webkit-box-pack: justify;
  -webkit-justify-content: space-between;
  justify-content: space-between;
  padding: 1.5rem;
  padding-left: 0.5rem;
}

.emotion-5 div>button:nth-of-type(n+2) {
  margin-left: 0.25rem;
}

.emotion-3 {
  font-family: VTEXTrustVF,-apple-system,system-ui,BlinkMacSystemFont,sans-serif;
  font-variation-settings: 'wght' 92;
  border: none;
  border-radius: 4px;
  cursor: pointer;
  position: relative;
  background-color: transparent;
  color: #323845;
  font-size: 0.875rem;
  height: 40px;
  width: auto;
  padding-left: 0.5rem;
  padding-right: 0.75rem;
  text-transform: none;
}

.emotion-3:focus:not([data-focus-visible-added]) {
  outline: none;
  box-shadow: none;
}

.emotion-3:focus {
  outline: none;
  box-shadow: 0rem 0rem 0rem 0.125rem #8DB6FA;
}

.emotion-3:hover {
  color: #214491;
  background-color: rgba(202,215,241,0.24);
}

.emotion-3:active {
  color: #1a3470;
  background-color: rgba(186,203,236,0.32);
}

.emotion-3:disabled {
  color: #898F9E;
}

.emotion-3 svg {
  width: 24px;
  min-width: 24px;
  height: 24px;
  min-height: 24px;
  margin: 0.25rem;
}

.emotion-3:hover {
  background-color: transparent;
}

.emotion-3:active {
  background-color: transparent;
}

.emotion-2 {
  display: -webkit-box;
  display: -webkit-flex;
  display: -ms-flexbox;
  display: flex;
  height: 100%;
  width: 100%;
  margin: auto;
  -webkit-align-items: center;
  -webkit-box-align: center;
  -ms-flex-align: center;
  align-items: center;
  -webkit-box-pack: center;
  -ms-flex-pack: center;
  -webkit-justify-content: center;
  justify-content: center;
}

.emotion-1 {
  display: -webkit-box;
  display: -webkit-flex;
  display: -ms-flexbox;
  display: flex;
  -webkit-align-items: center;
  -webkit-box-align: center;
  -ms-flex-align: center;
  align-items: center;
  -webkit-box-pack: center;
  -ms-flex-pack: center;
  -webkit-justify-content: center;
  justify-content: center;
  visibility: visible;
  -webkit-flex-direction: row;
  -ms-flex-direction: row;
  flex-direction: row;
}

.emotion-0 {
  min-width: 24px;
  min-height: 24px;
  width: 24px;
  height: 24px;
  -webkit-transform: rotate(90deg);
  -moz-transform: rotate(90deg);
  -ms-transform: rotate(90deg);
  transform: rotate(90deg);
  -webkit-transition: -webkit-transform 150ms ease;
  transition: transform 150ms ease;
}

.emotion-4 {
  display: -webkit-box;
  display: -webkit-flex;
  display: -ms-flexbox;
  display: flex;
}

.emotion-7 {
  background-color: #FFFFFF;
  color: #323845;
  border-width: 1px;
  border-style: solid;
  border-radius: 4px;
  border-color: #E0E2E7;
  padding: 0rem;
}

<div
    class="emotion-7"
  >
    <div
      class="emotion-6"
    >
      <header
        class="emotion-5"
      >
        <button
          aria-controls="mocked-id"
          aria-expanded="false"
          class="emotion-3"
          type="button"
        >
          <div
            class="emotion-2"
          >
            <div
              class="emotion-1"
            >
              <svg
                class="emotion-0"
                fill="none"
                viewBox="0 0 24 24"
              >
                <path
                  d="M16 14L12 10L8 14"
                  stroke="currentColor"
                  stroke-linecap="round"
                  stroke-linejoin="round"
                  stroke-width="1.5"
                />
              </svg>
               Collapsible Header
            </div>
          </div>
        </button>
        <div
          class="emotion-4"
        />
      </header>
    </div>
  </div>
</DocumentFragment>
`;

exports[`CollapsibleGroup tests should not render invalid children 1`] = `
<DocumentFragment>
  .emotion-6 {
  background-color: #FFFFFF;
  border-radius: 4px;
}

.emotion-5 {
  display: -webkit-box;
  display: -webkit-flex;
  display: -ms-flexbox;
  display: flex;
  -webkit-align-items: center;
  -webkit-box-align: center;
  -ms-flex-align: center;
  align-items: center;
  -webkit-box-pack: justify;
  -webkit-justify-content: space-between;
  justify-content: space-between;
  padding: 1.5rem;
  padding-left: 0.5rem;
}

.emotion-5 div>button:nth-of-type(n+2) {
  margin-left: 0.25rem;
}

.emotion-3 {
  font-family: VTEXTrustVF,-apple-system,system-ui,BlinkMacSystemFont,sans-serif;
  font-variation-settings: 'wght' 92;
  border: none;
  border-radius: 4px;
  cursor: pointer;
  position: relative;
  background-color: transparent;
  color: #323845;
  font-size: 0.875rem;
  height: 40px;
  width: auto;
  padding-left: 0.5rem;
  padding-right: 0.75rem;
  text-transform: none;
}

.emotion-3:focus:not([data-focus-visible-added]) {
  outline: none;
  box-shadow: none;
}

.emotion-3:focus {
  outline: none;
  box-shadow: 0rem 0rem 0rem 0.125rem #8DB6FA;
}

.emotion-3:hover {
  color: #214491;
  background-color: rgba(202,215,241,0.24);
}

.emotion-3:active {
  color: #1a3470;
  background-color: rgba(186,203,236,0.32);
}

.emotion-3:disabled {
  color: #898F9E;
}

.emotion-3 svg {
  width: 24px;
  min-width: 24px;
  height: 24px;
  min-height: 24px;
  margin: 0.25rem;
}

.emotion-3:hover {
  background-color: transparent;
}

.emotion-3:active {
  background-color: transparent;
}

.emotion-2 {
  display: -webkit-box;
  display: -webkit-flex;
  display: -ms-flexbox;
  display: flex;
  height: 100%;
  width: 100%;
  margin: auto;
  -webkit-align-items: center;
  -webkit-box-align: center;
  -ms-flex-align: center;
  align-items: center;
  -webkit-box-pack: center;
  -ms-flex-pack: center;
  -webkit-justify-content: center;
  justify-content: center;
}

.emotion-1 {
  display: -webkit-box;
  display: -webkit-flex;
  display: -ms-flexbox;
  display: flex;
  -webkit-align-items: center;
  -webkit-box-align: center;
  -ms-flex-align: center;
  align-items: center;
  -webkit-box-pack: center;
  -ms-flex-pack: center;
  -webkit-justify-content: center;
  justify-content: center;
  visibility: visible;
  -webkit-flex-direction: row;
  -ms-flex-direction: row;
  flex-direction: row;
}

.emotion-0 {
  min-width: 24px;
  min-height: 24px;
  width: 24px;
  height: 24px;
  -webkit-transform: rotate(90deg);
  -moz-transform: rotate(90deg);
  -ms-transform: rotate(90deg);
  transform: rotate(90deg);
  -webkit-transition: -webkit-transform 150ms ease;
  transition: transform 150ms ease;
}

.emotion-4 {
  display: -webkit-box;
  display: -webkit-flex;
  display: -ms-flexbox;
  display: flex;
}

.emotion-7 {
  background-color: #FFFFFF;
  color: #323845;
  border-width: 1px;
  border-style: solid;
  border-radius: 4px;
  border-color: #E0E2E7;
  padding: 0rem;
}

<div
    class="emotion-7"
  >
    <div
      class="emotion-6"
    >
      <header
        class="emotion-5"
      >
        <button
          aria-controls="mocked-id"
          aria-expanded="false"
          class="emotion-3"
          type="button"
        >
          <div
            class="emotion-2"
          >
            <div
              class="emotion-1"
            >
              <svg
                class="emotion-0"
                fill="none"
                viewBox="0 0 24 24"
              >
                <path
                  d="M16 14L12 10L8 14"
                  stroke="currentColor"
                  stroke-linecap="round"
                  stroke-linejoin="round"
                  stroke-width="1.5"
                />
              </svg>
               Collapsible Header
            </div>
          </div>
        </button>
        <div
          class="emotion-4"
        />
      </header>
    </div>
  </div>
</DocumentFragment>
`;
