// Jest Snapshot v1, https://goo.gl/fbAQLP

exports[`Button tests should match snapshot 1`] = `
<DocumentFragment>
  .emotion-0 {
  line-height: 1.25;
  font-variation-settings: 'wght' 92;
  font-size: 0.875rem;
  display: -webkit-box;
  display: -webkit-flex;
  display: -ms-flexbox;
  display: flex;
  height: 100%;
  width: 100%;
  margin: auto;
  -webkit-align-items: center;
  -webkit-box-align: center;
  -ms-flex-align: center;
  align-items: center;
  -webkit-box-pack: center;
  -webkit-justify-content: center;
  -ms-flex-pack: center;
  justify-content: center;
  -webkit-flex-direction: row;
  -ms-flex-direction: row;
  flex-direction: row;
}

.emotion-1 {
  border: none;
  border-radius: 4px;
  cursor: pointer;
  position: relative;
  text-transform: uppercase;
  color: #FFFFFF;
  background-color: #2953B2;
  font-variation-settings: 'wght' 92;
  font-size: 0.875rem;
  height: 40px;
  width: auto;
  padding-left: 1rem;
  padding-right: 1rem;
}

.emotion-1:focus:not([data-focus-visible-added]) {
  outline: none;
  box-shadow: none;
}

.emotion-1:focus {
  outline: none;
  box-shadow: 0rem 0rem 0rem 0.125rem #8DB6FA;
}

.emotion-1:hover {
  background-color: #214491;
}

.emotion-1:active {
  background-color: #1a3470;
}

.emotion-1:disabled {
  color: #323845;
  background-color: #C4C5CA;
}

<button
    class="emotion-1"
    type="button"
  >
    <div
      class="emotion-0"
    >
      Button
    </div>
  </button>
  .emotion-0 {
  line-height: 1.25;
  font-variation-settings: 'wght' 92;
  font-size: 0.875rem;
  display: -webkit-box;
  display: -webkit-flex;
  display: -ms-flexbox;
  display: flex;
  height: 100%;
  width: 100%;
  margin: auto;
  -webkit-align-items: center;
  -webkit-box-align: center;
  -ms-flex-align: center;
  align-items: center;
  -webkit-box-pack: center;
  -webkit-justify-content: center;
  -ms-flex-pack: center;
  justify-content: center;
  -webkit-flex-direction: row;
  -ms-flex-direction: row;
  flex-direction: row;
}

.emotion-1 {
  border: none;
  border-radius: 4px;
  cursor: pointer;
  position: relative;
  text-transform: uppercase;
  color: #FFFFFF;
  background-color: #2953B2;
  font-variation-settings: 'wght' 92;
  font-size: 0.875rem;
  height: 40px;
  width: auto;
  padding-left: 1rem;
  padding-right: 1rem;
}

.emotion-1:focus:not([data-focus-visible-added]) {
  outline: none;
  box-shadow: none;
}

.emotion-1:focus {
  outline: none;
  box-shadow: 0rem 0rem 0rem 0.125rem #8DB6FA;
}

.emotion-1:hover {
  background-color: #214491;
}

.emotion-1:active {
  background-color: #1a3470;
}

.emotion-1:disabled {
  color: #323845;
  background-color: #C4C5CA;
}

<button
    class="emotion-1"
    type="button"
  >
    <div
      class="emotion-0"
    >
      Button
    </div>
  </button>
  .emotion-0 {
  line-height: 1.25;
  font-variation-settings: 'wght' 92;
  font-size: 0.875rem;
  display: -webkit-box;
  display: -webkit-flex;
  display: -ms-flexbox;
  display: flex;
  height: 100%;
  width: 100%;
  margin: auto;
  -webkit-align-items: center;
  -webkit-box-align: center;
  -ms-flex-align: center;
  align-items: center;
  -webkit-box-pack: center;
  -webkit-justify-content: center;
  -ms-flex-pack: center;
  justify-content: center;
  -webkit-flex-direction: row;
  -ms-flex-direction: row;
  flex-direction: row;
}

.emotion-1 {
  border: none;
  border-radius: 4px;
  cursor: pointer;
  position: relative;
  text-transform: uppercase;
  background-color: #DAE3F5;
  color: #2953B2;
  font-variation-settings: 'wght' 92;
  font-size: 0.875rem;
  height: 40px;
  width: auto;
  padding-left: 1rem;
  padding-right: 1rem;
}

.emotion-1:focus:not([data-focus-visible-added]) {
  outline: none;
  box-shadow: none;
}

.emotion-1:focus {
  outline: none;
  box-shadow: 0rem 0rem 0rem 0.125rem #8DB6FA;
}

.emotion-1:hover {
  background-color: #cad7f1;
}

.emotion-1:active {
  background-color: #bacbec;
}

.emotion-1:disabled {
  color: #898F9E;
  background-color: #F4F6FB;
}

<button
    class="emotion-1"
    type="button"
  >
    <div
      class="emotion-0"
    >
      Button
    </div>
  </button>
  .emotion-0 {
  line-height: 1.25;
  font-variation-settings: 'wght' 92;
  font-size: 0.875rem;
  display: -webkit-box;
  display: -webkit-flex;
  display: -ms-flexbox;
  display: flex;
  height: 100%;
  width: 100%;
  margin: auto;
  -webkit-align-items: center;
  -webkit-box-align: center;
  -ms-flex-align: center;
  align-items: center;
  -webkit-box-pack: center;
  -webkit-justify-content: center;
  -ms-flex-pack: center;
  justify-content: center;
  -webkit-flex-direction: row;
  -ms-flex-direction: row;
  flex-direction: row;
}

.emotion-1 {
  border: none;
  border-radius: 4px;
  cursor: pointer;
  position: relative;
  text-transform: capitalize;
  background-color: transparent;
  color: #2953B2;
  font-variation-settings: 'wght' 92;
  font-size: 0.875rem;
  height: 40px;
  width: auto;
  padding-left: 1rem;
  padding-right: 1rem;
}

.emotion-1:focus:not([data-focus-visible-added]) {
  outline: none;
  box-shadow: none;
}

.emotion-1:focus {
  outline: none;
  box-shadow: 0rem 0rem 0rem 0.125rem #8DB6FA;
}

.emotion-1:hover {
  color: #214491;
  background-color: #cad7f1;
}

.emotion-1:active {
  color: #1a3470;
  background-color: #bacbec;
}

.emotion-1:disabled {
  color: #898F9E;
}

<button
    class="emotion-1"
    type="button"
  >
    <div
      class="emotion-0"
    >
      Button
    </div>
  </button>
  .emotion-0 {
  line-height: 1.25;
  font-variation-settings: 'wght' 92;
  font-size: 0.875rem;
  display: -webkit-box;
  display: -webkit-flex;
  display: -ms-flexbox;
  display: flex;
  height: 100%;
  width: 100%;
  margin: auto;
  -webkit-align-items: center;
  -webkit-box-align: center;
  -ms-flex-align: center;
  align-items: center;
  -webkit-box-pack: center;
  -webkit-justify-content: center;
  -ms-flex-pack: center;
  justify-content: center;
  -webkit-flex-direction: row;
  -ms-flex-direction: row;
  flex-direction: row;
}

.emotion-1 {
  border: none;
  border-radius: 4px;
  cursor: pointer;
  position: relative;
  text-transform: uppercase;
  color: #FFFFFF;
  background-color: #2953B2;
  font-variation-settings: 'wght' 92;
  font-size: 0.75rem;
  height: 32px;
  width: auto;
  padding-left: 0.75rem;
  padding-right: 0.75rem;
}

.emotion-1:focus:not([data-focus-visible-added]) {
  outline: none;
  box-shadow: none;
}

.emotion-1:focus {
  outline: none;
  box-shadow: 0rem 0rem 0rem 0.125rem #8DB6FA;
}

.emotion-1:hover {
  background-color: #214491;
}

.emotion-1:active {
  background-color: #1a3470;
}

.emotion-1:disabled {
  color: #323845;
  background-color: #C4C5CA;
}

<button
    class="emotion-1"
    type="button"
  >
    <div
      class="emotion-0"
    >
      Button
    </div>
  </button>
  .emotion-0 {
  line-height: 1.25;
  font-variation-settings: 'wght' 92;
  font-size: 0.875rem;
  display: -webkit-box;
  display: -webkit-flex;
  display: -ms-flexbox;
  display: flex;
  height: 100%;
  width: 100%;
  margin: auto;
  -webkit-align-items: center;
  -webkit-box-align: center;
  -ms-flex-align: center;
  align-items: center;
  -webkit-box-pack: center;
  -webkit-justify-content: center;
  -ms-flex-pack: center;
  justify-content: center;
  -webkit-flex-direction: row;
  -ms-flex-direction: row;
  flex-direction: row;
}

.emotion-1 {
  border: none;
  border-radius: 4px;
  cursor: pointer;
  position: relative;
  text-transform: uppercase;
  color: #FFFFFF;
  background-color: #CB4242;
  font-variation-settings: 'wght' 92;
  font-size: 0.875rem;
  height: 40px;
  width: auto;
  padding-left: 1rem;
  padding-right: 1rem;
}

.emotion-1:focus:not([data-focus-visible-added]) {
  outline: none;
  box-shadow: none;
}

.emotion-1:focus {
  outline: none;
  box-shadow: 0rem 0rem 0rem 0.125rem #8DB6FA;
}

.emotion-1:hover {
  background-color: #b33131;
}

.emotion-1:active {
  background-color: #932828;
}

.emotion-1:disabled {
  color: #323845;
  background-color: #C4C5CA;
}

<button
    class="emotion-1"
    type="button"
  >
    <div
      class="emotion-0"
    >
      Button
    </div>
  </button>
</DocumentFragment>
`;
